ARM Linker, 5.03 [Build 76] [MDK-ARM Lite]

==============================================================================

Section Cross References

    gps_prog.o(.text) refers to dflt_clz.o(x$fpl$dflt) for __aeabi_i2d
    gps_prog.o(.text) refers to dmul.o(x$fpl$dmul) for __aeabi_dmul
    gps_prog.o(.text) refers to daddsub_clz.o(x$fpl$dadd) for __aeabi_dadd
    gps_prog.o(.text) refers to strtok.o(.text) for strtok
    gps_prog.o(.text) refers to strcmpv7m.o(.text) for strcmp
    gps_prog.o(.text) refers to ddiv.o(x$fpl$ddiv) for __aeabi_ddiv
    gps_prog.o(.text) refers to dfix.o(x$fpl$dfix) for __aeabi_d2iz
    gps_prog.o(.text) refers to daddsub_clz.o(x$fpl$drsb) for __aeabi_drsub
    gps_prog.o(.text) refers to basic.o(x$fpl$basic) for __aeabi_dneg
    gps_prog.o(.text) refers to daddsub_clz.o(x$fpl$dsub) for __aeabi_dsub
    gps_prog.o(.text) refers to fabs.o(i.__hardfp_fabs) for __hardfp_fabs
    gps_prog.o(.text) refers to d2f.o(x$fpl$d2f) for __aeabi_d2f
    gps_prog.o(.text) refers to sinf.o(i.__hardfp_sinf) for __hardfp_sinf
    gps_prog.o(.text) refers to powf.o(i.__hardfp_powf) for __hardfp_powf
    gps_prog.o(.text) refers to cosf.o(i.__hardfp_cosf) for __hardfp_cosf
    gps_prog.o(.text) refers to f2d.o(x$fpl$f2d) for __aeabi_f2d
    gps_prog.o(.text) refers to sqrtf.o(i.__hardfp_sqrtf) for __hardfp_sqrtf
    gps_prog.o(.text) refers to atanf.o(i.__hardfp_atanf) for __hardfp_atanf
    gps_prog.o(.text) refers to dleqf.o(x$fpl$dleqf) for __aeabi_cdcmple
    gps_prog.o(.text) refers to rt_memcpy_w.o(.text) for __aeabi_memcpy4
    gps_prog.o(.text) refers to dfixu.o(x$fpl$dfixu) for __aeabi_d2uiz
    gps_prog.o(.text) refers to dflt_clz.o(x$fpl$dfltu) for __aeabi_ui2d
    gps_prog.o(.text) refers to lcd_prog.c.o(.text) for LCD_voidClearScreen
    gps_prog.o(.text) refers to uart_program.o(.text) for UART1_voidInitialize
    gps_prog.o(.text) refers to gps_prog.o(.bss) for buffer
    gps_prog.o(.text) refers to gps_prog.o(.constdata) for landmarks
    gps_prog.o(.text) refers to drleqf.o(x$fpl$drleqf) for __aeabi_cdrcmple
    gps_prog.o(.text) refers to gpio_program.o(.text) for GPIO_u8ConfigPin
    gps_prog.o(.text) refers to systick_program.o(.text) for Systick_voidDelay_ms
    gps_prog.o(.constdata) refers to gps_prog.o(.conststring) for .conststring
    lcd_prog.c.o(.text) refers to _printf_percent.o(.ARM.Collect$$_printf_percent$$00000000) for _printf_percent
    lcd_prog.c.o(.text) refers to _printf_f.o(.ARM.Collect$$_printf_percent$$00000003) for _printf_f
    lcd_prog.c.o(.text) refers to printf1.o(x$fpl$printf1) for _printf_fp_dec
    lcd_prog.c.o(.text) refers to gpio_program.o(.text) for GPIO_u8SetPinValue
    lcd_prog.c.o(.text) refers to systick_program.o(.text) for Systick_voidDelay_ms
    lcd_prog.c.o(.text) refers to noretval__2sprintf.o(.text) for __2sprintf
    main.o(.text) refers to systick_program.o(.text) for Systick_u8Init
    main.o(.text) refers to lcd_prog.c.o(.text) for LCD_voidInit
    main.o(.text) refers to uart_program.o(.text) for UART1_voidInitialize
    main.o(.text) refers to gps_prog.o(.text) for GPS_u8ParsGpsString
    main.o(.text) refers to buzzer_copy.o(.text) for Buzzer_Init
    main.o(.text) refers to gpio_program.o(.text) for GPIO_u8ConfigPin
    startup_tm4c123.o(STACK) refers (Special) to heapauxi.o(.text) for __use_two_region_memory
    startup_tm4c123.o(HEAP) refers (Special) to heapauxi.o(.text) for __use_two_region_memory
    startup_tm4c123.o(RESET) refers (Special) to heapauxi.o(.text) for __use_two_region_memory
    startup_tm4c123.o(RESET) refers to startup_tm4c123.o(STACK) for __initial_sp
    startup_tm4c123.o(RESET) refers to startup_tm4c123.o(.text) for Reset_Handler
    startup_tm4c123.o(.text) refers (Special) to heapauxi.o(.text) for __use_two_region_memory
    startup_tm4c123.o(.text) refers to __main.o(!!!main) for __main
    startup_tm4c123.o(.text) refers to startup_tm4c123.o(HEAP) for Heap_Mem
    startup_tm4c123.o(.text) refers to startup_tm4c123.o(STACK) for Stack_Mem
    system_tm4c123.o(.text) refers to system_tm4c123.o(.data) for SystemCoreClock
    uart_program.o(.text) refers to dfixu.o(x$fpl$dfixu) for __aeabi_d2uiz
    uart_program.o(.text) refers to dflt_clz.o(x$fpl$dfltu) for __aeabi_ui2d
    uart_program.o(.text) refers to daddsub_clz.o(x$fpl$drsb) for __aeabi_drsub
    uart_program.o(.text) refers to dmul.o(x$fpl$dmul) for __aeabi_dmul
    uart_program.o(.text) refers to daddsub_clz.o(x$fpl$dadd) for __aeabi_dadd
    uart_program.o(.text) refers to gpio_program.o(.text) for GPIO_u8Init
    buzzer_copy.o(.text) refers to gpio_program.o(.text) for GPIO_u8ConfigPin
    buzzer_copy.o(.text) refers to systick_program.o(.text) for Systick_u8Init
    __2sprintf.o(.text) refers to _printf_char_common.o(.text) for _printf_char_common
    __2sprintf.o(.text) refers to _sputc.o(.text) for _sputc
    noretval__2sprintf.o(.text) refers to _printf_char_common.o(.text) for _printf_char_common
[...]
    rtexit.o(.ARM.exidx) refers to rtexit.o(.ARM.Collect$$rtexit$$00000000) for .ARM.Collect$$rtexit$$00000000
    argv_veneer.o(.emb_text) refers to no_argv.o(.text) for __ARM_get_argv
    rtexit2.o(.ARM.Collect$$rtexit$$00000003) refers to libshutdown.o(.ARM.Collect$$libshutdown$$00000000) for __rt_lib_shutdown
    rtexit2.o(.ARM.Collect$$rtexit$$00000004) refers to sys_exit.o(.text) for _sys_exit
    rtexit2.o(.ARM.exidx) refers to rtexit2.o(.ARM.Collect$$rtexit$$00000001) for .ARM.Collect$$rtexit$$00000001
    rtexit2.o(.ARM.exidx) refers to rtexit2.o(.ARM.Collect$$rtexit$$00000003) for .ARM.Collect$$rtexit$$00000003
    rtexit2.o(.ARM.exidx) refers to rtexit2.o(.ARM.Collect$$rtexit$$00000004) for .ARM.Collect$$rtexit$$00000004
    _get_argv_nomalloc.o(.text) refers (Special) to hrguard.o(.text) for __heap_region$guard
    _get_argv_nomalloc.o(.text) refers to defsig_rtmem_outer.o(.text) for __rt_SIGRTMEM
    _get_argv_nomalloc.o(.text) refers to sys_command.o(.text) for _sys_command_string
    sys_command.o(.text) refers (Special) to use_no_semi.o(.text) for __I$use$semihosting
    sys_command.o(.text) refers (Special) to indicate_semi.o(.text) for __semihosting_library_function
    sys_exit.o(.text) refers (Special) to use_no_semi.o(.text) for __I$use$semihosting
    sys_exit.o(.text) refers (Special) to indicate_semi.o(.text) for __semihosting_library_function
    defsig_rtmem_outer.o(.text) refers to defsig_rtmem_inner.o(.text) for __rt_SIGRTMEM_inner
    defsig_rtmem_outer.o(.text) refers to defsig_exit.o(.text) for __sig_exit
    defsig_rtmem_formal.o(.text) refers to rt_raise.o(.text) for __rt_raise
    libshutdown.o(.ARM.Collect$$libshutdown$$00000000) refers (Special) to libshutdown2.o(.ARM.Collect$$libshutdown$$00000006) for __rt_lib_shutdown_fp_trap_1
    libshutdown.o(.ARM.Collect$$libshutdown$$00000000) refers (Special) to libshutdown2.o(.ARM.Collect$$libshutdown$$0000000E) for __rt_lib_shutdown_heap_1
    libshutdown.o(.ARM.Collect$$libshutdown$$00000000) refers (Special) to libshutdown2.o(.ARM.Collect$$libshutdown$$0000000F) for __rt_lib_shutdown_return
    libshutdown.o(.ARM.Collect$$libshutdown$$00000000) refers (Special) to libshutdown2.o(.ARM.Collect$$libshutdown$$00000009) for __rt_lib_shutdown_signal_1
    libshutdown.o(.ARM.Collect$$libshutdown$$00000000) refers (Special) to libshutdown2.o(.ARM.Collect$$libshutdown$$00000003) for __rt_lib_shutdown_stdio_1
    libshutdown.o(.ARM.Collect$$libshutdown$$00000000) refers (Special) to libshutdown2.o(.ARM.Collect$$libshutdown$$0000000B) for __rt_lib_shutdown_user_alloc_1
    rt_raise.o(.text) refers to __raise.o(.text) for __raise
    rt_raise.o(.text) refers to sys_exit.o(.text) for _sys_exit
    defsig_exit.o(.text) refers to sys_exit.o(.text) for _sys_exit
    defsig_rtmem_inner.o(.text) refers to defsig_general.o(.text) for __default_signal_display
    __raise.o(.text) refers to defsig.o(CL$$defsig) for __default_signal_handler
    defsig_general.o(.text) refers to sys_wrch.o(.text) for _ttywrch
    sys_wrch.o(.text) refers (Special) to use_no_semi.o(.text) for __I$use$semihosting
    sys_wrch.o(.text) refers (Special) to indicate_semi.o(.text) for __semihosting_library_function
    defsig.o(CL$$defsig) refers to defsig_rtmem_inner.o(.text) for __rt_SIGRTMEM_inner
    defsig_abrt_inner.o(.text) refers to defsig_general.o(.text) for __default_signal_display
    defsig_fpe_inner.o(.text) refers to defsig_general.o(.text) for __default_signal_display
    defsig_rtred_inner.o(.text) refers to defsig_general.o(.text) for __default_signal_display
    defsig_stak_inner.o(.text) refers to defsig_general.o(.text) for __default_signal_display
    defsig_pvfn_inner.o(.text) refers to defsig_general.o(.text) for __default_signal_display
    defsig_cppl_inner.o(.text) refers to defsig_general.o(.text) for __default_signal_display
    defsig_segv_inner.o(.text) refers to defsig_general.o(.text) for __default_signal_display
    defsig_other.o(.text) refers to defsig_general.o(.text) for __default_signal_display


==============================================================================

Removing Unused input sections from the image.

    Removing system_tm4c123.o(.rev16_text), (4 bytes).
    Removing system_tm4c123.o(.revsh_text), (4 bytes).
    Removing system_tm4c123.o(.text), (588 bytes).
    Removing system_tm4c123.o(.data), (4 bytes).

4 unused section(s) (total 600 bytes) removed from the image.

==============================================================================

Image Symbol Table

    Local Symbols

    Symbol Name                              Value     Ov Type        Size  Object(Section)

    RESET                                    0x00000000   Section      620  startup_tm4c123.o(RESET)
    ../clib/angel/boardlib.s                 0x00000000   Number         0  boardinit2.o ABSOLUTE
    ../clib/angel/boardlib.s                 0x00000000   Number         0  boardshut.o ABSOLUTE
    ../clib/angel/boardlib.s                 0x00000000   Number         0  boardinit1.o ABSOLUTE
    ../clib/angel/boardlib.s                 0x00000000   Number         0  boardinit3.o ABSOLUTE
    ../clib/angel/handlers.s                 0x00000000   Number         0  __scatter_copy.o ABSOLUTE
    ../clib/angel/handlers.s                 0x00000000   Number         0  __scatter_zi.o ABSOLUTE
    ../clib/angel/kernel.s                   0x00000000   Number         0  rtexit2.o ABSOLUTE
    ../clib/angel/kernel.s                   0x00000000   Number         0  rtexit.o ABSOLUTE
    ../clib/angel/kernel.s                   0x00000000   Number         0  rtentry4.o ABSOLUTE
    ../clib/angel/kernel.s                   0x00000000   Number         0  rtentry.o ABSOLUTE
    ../clib/angel/kernel.s                   0x00000000   Number         0  rtentry2.o ABSOLUTE
    ../clib/angel/rt.s                       0x00000000   Number         0  rt_errno_addr.o ABSOLUTE
    ../clib/angel/rt.s                       0x00000000   Number         0  rt_locale_intlibspace.o ABSOLUTE
    ../clib/angel/rt.s                       0x00000000   Number         0  rt_errno_addr_intlibspace.o ABSOLUTE
    ../clib/angel/rt.s                       0x00000000   Number         0  rt_locale.o ABSOLUTE
    ../clib/angel/rt.s                       0x00000000   Number         0  rt_raise.o ABSOLUTE
    ../clib/angel/scatter.s                  0x00000000   Number         0  __scatter.o ABSOLUTE
    ../clib/angel/startup.s                  0x00000000   Number         0  __main.o ABSOLUTE
    ../clib/angel/sys.s                      0x00000000   Number         0  sys_stackheap_outer.o ABSOLUTE
    ../clib/angel/sys.s                      0x00000000   Number         0  use_no_semi.o ABSOLUTE
    ../clib/angel/sys.s                      0x00000000   Number         0  indicate_semi.o ABSOLUTE
    ../clib/angel/sys.s                      0x00000000   Number         0  libspace.o ABSOLUTE
    ../clib/angel/sysapp.c                   0x00000000   Number         0  sys_command.o ABSOLUTE
    ../clib/angel/sysapp.c                   0x00000000   Number         0  sys_exit.o ABSOLUTE
    ../clib/angel/sysapp.c                   0x00000000   Number         0  sys_wrch.o ABSOLUTE
    ../clib/armsys.c                         0x00000000   Number         0  argv_veneer.o ABSOLUTE
    ../clib/armsys.c                         0x00000000   Number         0  argv_veneer.o ABSOLUTE
    ../clib/armsys.c                         0x00000000   Number         0  _get_argv_nomalloc.o ABSOLUTE
    ../clib/armsys.c                         0x00000000   Number         0  no_argv.o ABSOLUTE
    ../clib/bigflt.c                         0x00000000   Number         0  bigflt0.o ABSOLUTE
    ../clib/btod.s                           0x00000000   Number         0  btod.o ABSOLUTE
    ../clib/fenv.c                           0x00000000   Number         0  _rserrno.o ABSOLUTE
    ../clib/heapalloc.c                      0x00000000   Number         0  hrguard.o ABSOLUTE
    ../clib/heapaux.c                        0x00000000   Number         0  heapauxi.o ABSOLUTE
    ../clib/libinit.s                        0x00000000   Number         0  libshutdown.o ABSOLUTE
    ../clib/libinit.s                        0x00000000   Number         0  libinit2.o ABSOLUTE
    ../clib/libinit.s                        0x00000000   Number         0  libshutdown2.o ABSOLUTE
    ../clib/libinit.s                        0x00000000   Number         0  libinit.o ABSOLUTE
    ../clib/locale.s                         0x00000000   Number         0  lc_numeric_c.o ABSOLUTE
    ../clib/longlong.s                       0x00000000   Number         0  lludiv10.o ABSOLUTE
    ../clib/memcpset.s                       0x00000000   Number         0  strcmpv7m.o ABSOLUTE
    ../clib/memcpset.s                       0x00000000   Number         0  rt_memcpy_w.o ABSOLUTE
    ../clib/printf.c                         0x00000000   Number         0  __printf.o ABSOLUTE
    ../clib/printf.c                         0x00000000   Number         0  __printf_flags.o ABSOLUTE
    ../clib/printf.c                         0x00000000   Number         0  __printf_ss.o ABSOLUTE
    ../clib/printf.c                         0x00000000   Number         0  __printf_flags_ss.o ABSOLUTE
    ../clib/printf.c                         0x00000000   Number         0  __printf_wp.o ABSOLUTE
    ../clib/printf.c                         0x00000000   Number         0  __printf_flags_wp.o ABSOLUTE
    ../clib/printf.c                         0x00000000   Number         0  __printf_ss_wp.o ABSOLUTE
    ../clib/printf.c                         0x00000000   Number         0  __printf_flags_ss_wp.o ABSOLUTE
    ../clib/printf.c                         0x00000000   Number         0  _printf_char_common.o ABSOLUTE
    ../clib/printf.c                         0x00000000   Number         0  _printf_fp_infnan.o ABSOLUTE
    ../clib/printf.c                         0x00000000   Number         0  noretval__2sprintf.o ABSOLUTE
    ../clib/printf.c                         0x00000000   Number         0  _printf_fp_dec.o ABSOLUTE
    ../clib/printf.c                         0x00000000   Number         0  _sputc.o ABSOLUTE
    ../clib/printf.c                         0x00000000   Number         0  __2sprintf.o ABSOLUTE
    ../clib/printf.c                         0x00000000   Number         0  __printf_nopercent.o ABSOLUTE
    ../clib/printf_percent.s                 0x00000000   Number         0  _printf_percent.o ABSOLUTE
    ../clib/printf_percent.s                 0x00000000   Number         0  _printf_f.o ABSOLUTE
    ../clib/printf_percent.s                 0x00000000   Number         0  _printf_percent_end.o ABSOLUTE
    ../clib/signal.c                         0x00000000   Number         0  defsig_pvfn_inner.o ABSOLUTE
    ../clib/signal.c                         0x00000000   Number         0  defsig_stak_inner.o ABSOLUTE
    ../clib/signal.c                         0x00000000   Number         0  defsig_cppl_inner.o ABSOLUTE
    ../clib/signal.c                         0x00000000   Number         0  defsig_rtred_inner.o ABSOLUTE
    ../clib/signal.c                         0x00000000   Number         0  defsig_rtmem_formal.o ABSOLUTE
    ../clib/signal.c                         0x00000000   Number         0  defsig_rtmem_outer.o ABSOLUTE
    ../clib/signal.c                         0x00000000   Number         0  defsig_exit.o ABSOLUTE
    ../clib/signal.c                         0x00000000   Number         0  defsig_general.o ABSOLUTE
    ../clib/signal.c                         0x00000000   Number         0  __raise.o ABSOLUTE
    ../clib/signal.c                         0x00000000   Number         0  defsig_rtmem_inner.o ABSOLUTE
    ../clib/signal.c                         0x00000000   Number         0  defsig_fpe_inner.o ABSOLUTE
    ../clib/signal.c                         0x00000000   Number         0  defsig_other.o ABSOLUTE
    ../clib/signal.c                         0x00000000   Number         0  defsig_segv_inner.o ABSOLUTE
    ../clib/signal.c                         0x00000000   Number         0  defsig_abrt_inner.o ABSOLUTE
    ../clib/signal.s                         0x00000000   Number         0  defsig.o ABSOLUTE
    ../clib/stdlib.c                         0x00000000   Number         0  exit.o ABSOLUTE
    ../clib/string.c                         0x00000000   Number         0  strtok_int.o ABSOLUTE
    ../clib/string.c                         0x00000000   Number         0  strspn.o ABSOLUTE
    ../clib/string.c                         0x00000000   Number         0  strtok.o ABSOLUTE
    ../clib/string.c                         0x00000000   Number         0  strcspn.o ABSOLUTE
    ../fplib/basic.s                         0x00000000   Number         0  basic.o ABSOLUTE
    ../fplib/d2f.s                           0x00000000   Number         0  d2f.o ABSOLUTE
    ../fplib/daddsub.s                       0x00000000   Number         0  daddsub_clz.o ABSOLUTE
    ../fplib/dcmpi.s                         0x00000000   Number         0  dcmpi.o ABSOLUTE
    ../fplib/ddiv.s                          0x00000000   Number         0  ddiv.o ABSOLUTE
    ../fplib/dfix.s                          0x00000000   Number         0  dfix.o ABSOLUTE
    ../fplib/dfixu.s                         0x00000000   Number         0  dfixu.o ABSOLUTE
    ../fplib/dflt.s                          0x00000000   Number         0  dflt_clz.o ABSOLUTE
    ../fplib/dleqf.s                         0x00000000   Number         0  dleqf.o ABSOLUTE
    ../fplib/dmul.s                          0x00000000   Number         0  dmul.o ABSOLUTE
    ../fplib/dnaninf.s                       0x00000000   Number         0  dnaninf.o ABSOLUTE
    ../fplib/dretinf.s                       0x00000000   Number         0  dretinf.o ABSOLUTE
    ../fplib/drleqf.s                        0x00000000   Number         0  drleqf.o ABSOLUTE
    ../fplib/f2d.s                           0x00000000   Number         0  f2d.o ABSOLUTE
    ../fplib/fnaninf.s                       0x00000000   Number         0  fnaninf.o ABSOLUTE
    ../fplib/fpinit.s                        0x00000000   Number         0  fpinit.o ABSOLUTE
    ../fplib/fretinf.s                       0x00000000   Number         0  fretinf.o ABSOLUTE
    ../fplib/istatus.s                       0x00000000   Number         0  istatus.o ABSOLUTE
    ../fplib/printf1.s                       0x00000000   Number         0  printf1.o ABSOLUTE
    ../fplib/usenofp.s                       0x00000000   Number         0  usenofp.o ABSOLUTE
    ../mathlib/atanf.c                       0x00000000   Number         0  atanf_x.o ABSOLUTE
    ../mathlib/atanf.c                       0x00000000   Number         0  atanf.o ABSOLUTE
    ../mathlib/cosf.c                        0x00000000   Number         0  cosf_x.o ABSOLUTE
    ../mathlib/cosf.c                        0x00000000   Number         0  cosf.o ABSOLUTE
    ../mathlib/fabs.c                        0x00000000   Number         0  fabs.o ABSOLUTE
    ../mathlib/fpclassify.c                  0x00000000   Number         0  fpclassify.o ABSOLUTE
    ../mathlib/fpclassifyf.c                 0x00000000   Number         0  fpclassifyf.o ABSOLUTE
    ../mathlib/funder.c                      0x00000000   Number         0  funder.o ABSOLUTE
    ../mathlib/powf.c                        0x00000000   Number         0  powf.o ABSOLUTE
    ../mathlib/powf.c                        0x00000000   Number         0  powf_x.o ABSOLUTE
    ../mathlib/rredf.c                       0x00000000   Number         0  rredf.o ABSOLUTE
    ../mathlib/sinf.c                        0x00000000   Number         0  sinf.o ABSOLUTE
    ../mathlib/sinf.c                        0x00000000   Number         0  sinf_x.o ABSOLUTE
    ../mathlib/sqrtf.c                       0x00000000   Number         0  sqrtf_x.o ABSOLUTE
    ../mathlib/sqrtf.c                       0x00000000   Number         0  sqrtf.o ABSOLUTE
    GPIO_program.c                           0x00000000   Number         0  gpio_program.o ABSOLUTE
    GPS_prog.c                               0x00000000   Number         0  gps_prog.o ABSOLUTE
    LCD_prog.c.c                             0x00000000   Number         0  lcd_prog.c.o ABSOLUTE
    UART_program.c                           0x00000000   Number         0  uart_program.o ABSOLUTE
    buzzer_copy.c                            0x00000000   Number         0  buzzer_copy.o ABSOLUTE
    dc.s                                     0x00000000   Number         0  dc.o ABSOLUTE
    main.c                                   0x00000000   Number         0  main.o ABSOLUTE
    startup_TM4C123.s                        0x00000000   Number         0  startup_tm4c123.o ABSOLUTE
    system_TM4C123.c                         0x00000000   Number         0  system_tm4c123.o ABSOLUTE
    system_TM4C123.c                         0x00000000   Number         0  system_tm4c123.o ABSOLUTE
    systick_program.c                        0x00000000   Number         0  systick_program.o ABSOLUTE
    !!!main                                  0x0000026c   Section        8  __main.o(!!!main)
    !!!scatter                               0x00000274   Section       52  __scatter.o(!!!scatter)
    !!handler_copy                           0x000002a8   Section       26  __scatter_copy.o(!!handler_copy)
    !!handler_zi                             0x000002c4   Section       28  __scatter_zi.o(!!handler_zi)
    .ARM.Collect$$_printf_percent$$00000000  0x000002e0   Section        0  _printf_percent.o(.ARM.Collect$$_printf_percent$$00000000)
    .ARM.Collect$$_printf_percent$$00000003  0x000002e0   Section        6  _printf_f.o(.ARM.Collect$$_printf_percent$$00000003)
    .ARM.Collect$$_printf_percent$$00000017  0x000002e6   Section        4  _printf_percent_end.o(.ARM.Collect$$_printf_percent$$00000017)
    .ARM.Collect$$libinit$$00000000          0x000002ea   Section        2  libinit.o(.ARM.Collect$$libinit$$00000000)
    .ARM.Collect$$libinit$$00000001          0x000002ec   Section        4  libinit2.o(.ARM.Collect$$libinit$$00000001)
    .ARM.Collect$$libinit$$00000008          0x000002f0   Section        0  libinit2.o(.ARM.Collect$$libinit$$00000008)
    .ARM.Collect$$libinit$$0000000A          0x000002f0   Section        0  libinit2.o(.ARM.Collect$$libinit$$0000000A)
    .ARM.Collect$$libinit$$0000000C          0x000002f0   Section        0  libinit2.o(.ARM.Collect$$libinit$$0000000C)
    .ARM.Collect$$libinit$$0000000D          0x000002f0   Section        6  libinit2.o(.ARM.Collect$$libinit$$0000000D)
    .ARM.Collect$$libinit$$0000000F          0x000002f6   Section        0  libinit2.o(.ARM.Collect$$libinit$$0000000F)
    .ARM.Collect$$libinit$$00000011          0x000002f6   Section        0  libinit2.o(.ARM.Collect$$libinit$$00000011)
    .ARM.Collect$$libinit$$00000013          0x000002f6   Section        0  libinit2.o(.ARM.Collect$$libinit$$00000013)
    .ARM.Collect$$libinit$$00000014          0x000002f6   Section       10  libinit2.o(.ARM.Collect$$libinit$$00000014)
    .ARM.Collect$$libinit$$00000015          0x00000300   Section        0  libinit2.o(.ARM.Collect$$libinit$$00000015)
    .ARM.Collect$$libinit$$00000017          0x00000300   Section        0  libinit2.o(.ARM.Collect$$libinit$$00000017)
    .ARM.Collect$$libinit$$00000019          0x00000300   Section        0  libinit2.o(.ARM.Collect$$libinit$$00000019)
    .ARM.Collect$$libinit$$0000001B          0x00000300   Section        0  libinit2.o(.ARM.Collect$$libinit$$0000001B)
    .ARM.Collect$$libinit$$0000001D          0x00000300   Section        0  libinit2.o(.ARM.Collect$$libinit$$0000001D)
    .ARM.Collect$$libinit$$0000001F          0x00000300   Section        0  libinit2.o(.ARM.Collect$$libinit$$0000001F)
    .ARM.Collect$$libinit$$00000021          0x00000300   Section        0  libinit2.o(.ARM.Collect$$libinit$$00000021)
    .ARM.Collect$$libinit$$00000023          0x00000300   Section        0  libinit2.o(.ARM.Collect$$libinit$$00000023)
    .ARM.Collect$$libinit$$0000002A          0x00000300   Section        0  libinit2.o(.ARM.Collect$$libinit$$0000002A)
    .ARM.Collect$$libinit$$0000002C          0x00000300   Section        0  libinit2.o(.ARM.Collect$$libinit$$0000002C)
    .ARM.Collect$$libinit$$0000002E          0x00000300   Section        0  libinit2.o(.ARM.Collect$$libinit$$0000002E)
    .ARM.Collect$$libinit$$00000030          0x00000300   Section        0  libinit2.o(.ARM.Collect$$libinit$$00000030)
    .ARM.Collect$$libinit$$00000031          0x00000300   Section        2  libinit2.o(.ARM.Collect$$libinit$$00000031)
    .ARM.Collect$$libshutdown$$00000000      0x00000302   Section        2  libshutdown.o(.ARM.Collect$$libshutdown$$00000000)
    .ARM.Collect$$libshutdown$$00000003      0x00000304   Section        0  libshutdown2.o(.ARM.Collect$$libshutdown$$00000003)
    .ARM.Collect$$libshutdown$$00000006      0x00000304   Section        0  libshutdown2.o(.ARM.Collect$$libshutdown$$00000006)
    .ARM.Collect$$libshutdown$$00000009      0x00000304   Section        0  libshutdown2.o(.ARM.Collect$$libshutdown$$00000009)
    .ARM.Collect$$libshutdown$$0000000B      0x00000304   Section        0  libshutdown2.o(.ARM.Collect$$libshutdown$$0000000B)
    .ARM.Collect$$libshutdown$$0000000E      0x00000304   Section        0  libshutdown2.o(.ARM.Collect$$libshutdown$$0000000E)
    .ARM.Collect$$libshutdown$$0000000F      0x00000304   Section        2  libshutdown2.o(.ARM.Collect$$libshutdown$$0000000F)
    .ARM.Collect$$rtentry$$00000000          0x00000306   Section        0  rtentry.o(.ARM.Collect$$rtentry$$00000000)
    .ARM.Collect$$rtentry$$00000002          0x00000306   Section        0  rtentry2.o(.ARM.Collect$$rtentry$$00000002)
    .ARM.Collect$$rtentry$$00000004          0x00000306   Section        6  rtentry4.o(.ARM.Collect$$rtentry$$00000004)
    .ARM.Collect$$rtentry$$00000009          0x0000030c   Section        0  rtentry2.o(.ARM.Collect$$rtentry$$00000009)
    .ARM.Collect$$rtentry$$0000000A          0x0000030c   Section        4  rtentry2.o(.ARM.Collect$$rtentry$$0000000A)
    .ARM.Collect$$rtentry$$0000000C          0x00000310   Section        0  rtentry2.o(.ARM.Collect$$rtentry$$0000000C)
    .ARM.Collect$$rtentry$$0000000D          0x00000310   Section        8  rtentry2.o(.ARM.Collect$$rtentry$$0000000D)
    .ARM.Collect$$rtexit$$00000000           0x00000318   Section        2  rtexit.o(.ARM.Collect$$rtexit$$00000000)
    .ARM.Collect$$rtexit$$00000002           0x0000031a   Section        0  rtexit2.o(.ARM.Collect$$rtexit$$00000002)
    .ARM.Collect$$rtexit$$00000003           0x0000031a   Section        4  rtexit2.o(.ARM.Collect$$rtexit$$00000003)
    .ARM.Collect$$rtexit$$00000004           0x0000031e   Section        6  rtexit2.o(.ARM.Collect$$rtexit$$00000004)
    .text                                    0x00000324   Section        0  gpio_program.o(.text)
    .text                                    0x000007a0   Section        0  gps_prog.o(.text)
    .text                                    0x000012d0   Section        0  lcd_prog.c.o(.text)
    E_SET                                    0x000012d1   Thumb Code    14  lcd_prog.c.o(.text)
    E_RESET                                  0x000012df   Thumb Code    14  lcd_prog.c.o(.text)
    Enable_clr                               0x000012ed   Thumb Code    20  lcd_prog.c.o(.text)
    WriteHalfPort                            0x00001301   Thumb Code    54  lcd_prog.c.o(.text)
    Enable_set                               0x00001337   Thumb Code    14  lcd_prog.c.o(.text)
    .text                                    0x00001510   Section        0  main.o(.text)
    .text                                    0x000016a0   Section      292  startup_tm4c123.o(.text)
    $v0                                      0x000016a0   Number         0  startup_tm4c123.o(.text)
    .text                                    0x000017c4   Section        0  systick_program.o(.text)
    .text                                    0x00001890   Section        0  uart_program.o(.text)
    .text                                    0x00001c18   Section        0  buzzer_copy.o(.text)
    .text                                    0x00001c80   Section        0  noretval__2sprintf.o(.text)
    .text                                    0x00001ca8   Section        0  __printf.o(.text)
    .text                                    0x00001d10   Section        0  strtok.o(.text)
    .text                                    0x00001d1c   Section      100  rt_memcpy_w.o(.text)
    .text                                    0x00001d80   Section      128  strcmpv7m.o(.text)
    .text                                    0x00001e00   Section        0  heapauxi.o(.text)
    .text                                    0x00001e06   Section        0  _rserrno.o(.text)
    .text                                    0x00001e1c   Section        0  _printf_fp_dec.o(.text)
    _fp_digits                               0x00001e1f   Thumb Code   426  _printf_fp_dec.o(.text)
    .text                                    0x0000223c   Section        0  _printf_char_common.o(.text)
    _printf_input_char                       0x0000223d   Thumb Code    10  _printf_char_common.o(.text)
    .text                                    0x0000226c   Section        0  _sputc.o(.text)
    .text                                    0x00002278   Section        0  strtok_int.o(.text)
    .text                                    0x000022bc   Section        8  rt_locale_intlibspace.o(.text)
    .text                                    0x000022c4   Section        8  rt_errno_addr_intlibspace.o(.text)
    .text                                    0x000022cc   Section      138  lludiv10.o(.text)
    .text                                    0x00002358   Section        0  _printf_fp_infnan.o(.text)
    .text                                    0x000023d8   Section        0  bigflt0.o(.text)
    .text                                    0x000024bc   Section        0  strcspn.o(.text)
    .text                                    0x000024dc   Section        0  strspn.o(.text)
    .text                                    0x000024f8   Section        8  libspace.o(.text)
    .text                                    0x00002500   Section       74  sys_stackheap_outer.o(.text)
    .text                                    0x0000254a   Section        0  exit.o(.text)
    .text                                    0x00002558   Section        0  sys_exit.o(.text)
    .text                                    0x00002564   Section        2  use_no_semi.o(.text)
    .text                                    0x00002566   Section        0  indicate_semi.o(.text)
    CL$$btod_d2e                             0x00002566   Section       62  btod.o(CL$$btod_d2e)
    CL$$btod_d2e_denorm_low                  0x000025a4   Section       70  btod.o(CL$$btod_d2e_denorm_low)
    CL$$btod_d2e_norm_op1                    0x000025ea   Section       96  btod.o(CL$$btod_d2e_norm_op1)
    CL$$btod_div_common                      0x0000264a   Section      824  btod.o(CL$$btod_div_common)
    CL$$btod_e2e                             0x00002982   Section      198  btod.o(CL$$btod_e2e)
    CL$$btod_ediv                            0x00002a48   Section       40  btod.o(CL$$btod_ediv)
    CL$$btod_emul                            0x00002a70   Section       40  btod.o(CL$$btod_emul)
    CL$$btod_mult_common                     0x00002a98   Section      580  btod.o(CL$$btod_mult_common)
    i.__ARM_fpclassify                       0x00002cdc   Section        0  fpclassify.o(i.__ARM_fpclassify)
    i.__ARM_fpclassifyf                      0x00002d0c   Section        0  fpclassifyf.o(i.__ARM_fpclassifyf)
    i.__hardfp_atanf                         0x00002d34   Section        0  atanf.o(i.__hardfp_atanf)
    i.__hardfp_cosf                          0x00002e98   Section        0  cosf.o(i.__hardfp_cosf)
    i.__hardfp_fabs                          0x00002ff4   Section        0  fabs.o(i.__hardfp_fabs)
    i.__hardfp_powf                          0x00003008   Section        0  powf.o(i.__hardfp_powf)
    i.__hardfp_sinf                          0x0000363c   Section        0  sinf.o(i.__hardfp_sinf)
    i.__hardfp_sqrtf                         0x000037b4   Section        0  sqrtf.o(i.__hardfp_sqrtf)
    i.__mathlib_flt_underflow                0x000037f0   Section        0  funder.o(i.__mathlib_flt_underflow)
    i.__mathlib_rredf2                       0x00003800   Section        0  rredf.o(i.__mathlib_rredf2)
    locale$$code                             0x00003940   Section       44  lc_numeric_c.o(locale$$code)
    x$fpl$basic                              0x0000396c   Section       24  basic.o(x$fpl$basic)
    $v0                                      0x0000396c   Number         0  basic.o(x$fpl$basic)
    x$fpl$d2f                                0x00003984   Section       98  d2f.o(x$fpl$d2f)
    $v0                                      0x00003984   Number         0  d2f.o(x$fpl$d2f)
    x$fpl$dadd                               0x000039e8   Section      336  daddsub_clz.o(x$fpl$dadd)
    $v0                                      0x000039e8   Number         0  daddsub_clz.o(x$fpl$dadd)
    _dadd1                                   0x000039f9   Thumb Code     0  daddsub_clz.o(x$fpl$dadd)
    x$fpl$dcmpinf                            0x00003b38   Section       24  dcmpi.o(x$fpl$dcmpinf)
    $v0                                      0x00003b38   Number         0  dcmpi.o(x$fpl$dcmpinf)
    x$fpl$ddiv                               0x00003b50   Section      688  ddiv.o(x$fpl$ddiv)
    $v0                                      0x00003b50   Number         0  ddiv.o(x$fpl$ddiv)
    ddiv_entry                               0x00003b57   Thumb Code     0  ddiv.o(x$fpl$ddiv)
    x$fpl$dfix                               0x00003e00   Section       94  dfix.o(x$fpl$dfix)
    $v0                                      0x00003e00   Number         0  dfix.o(x$fpl$dfix)
    x$fpl$dfixu                              0x00003e60   Section       90  dfixu.o(x$fpl$dfixu)
    $v0                                      0x00003e60   Number         0  dfixu.o(x$fpl$dfixu)
    x$fpl$dflt                               0x00003eba   Section       46  dflt_clz.o(x$fpl$dflt)
    $v0                                      0x00003eba   Number         0  dflt_clz.o(x$fpl$dflt)
    x$fpl$dfltu                              0x00003ee8   Section       38  dflt_clz.o(x$fpl$dfltu)
    $v0                                      0x00003ee8   Number         0  dflt_clz.o(x$fpl$dfltu)
    x$fpl$dleqf                              0x00003f10   Section      120  dleqf.o(x$fpl$dleqf)
    $v0                                      0x00003f10   Number         0  dleqf.o(x$fpl$dleqf)
    x$fpl$dmul                               0x00003f88   Section      340  dmul.o(x$fpl$dmul)
    $v0                                      0x00003f88   Number         0  dmul.o(x$fpl$dmul)
    x$fpl$dnaninf                            0x000040dc   Section      156  dnaninf.o(x$fpl$dnaninf)
    $v0                                      0x000040dc   Number         0  dnaninf.o(x$fpl$dnaninf)
    x$fpl$dretinf                            0x00004178   Section       12  dretinf.o(x$fpl$dretinf)
    $v0                                      0x00004178   Number         0  dretinf.o(x$fpl$dretinf)
    x$fpl$drleqf                             0x00004184   Section      108  drleqf.o(x$fpl$drleqf)
    $v0                                      0x00004184   Number         0  drleqf.o(x$fpl$drleqf)
    x$fpl$drsb                               0x000041f0   Section       22  daddsub_clz.o(x$fpl$drsb)
    $v0                                      0x000041f0   Number         0  daddsub_clz.o(x$fpl$drsb)
    x$fpl$dsub                               0x00004208   Section      468  daddsub_clz.o(x$fpl$dsub)
    $v0                                      0x00004208   Number         0  daddsub_clz.o(x$fpl$dsub)
    _dsub1                                   0x00004219   Thumb Code     0  daddsub_clz.o(x$fpl$dsub)
    x$fpl$f2d                                0x000043dc   Section       86  f2d.o(x$fpl$f2d)
    $v0                                      0x000043dc   Number         0  f2d.o(x$fpl$f2d)
    x$fpl$fnaninf                            0x00004432   Section      140  fnaninf.o(x$fpl$fnaninf)
    $v0                                      0x00004432   Number         0  fnaninf.o(x$fpl$fnaninf)
    x$fpl$fpinit                             0x000044be   Section       10  fpinit.o(x$fpl$fpinit)
    $v0                                      0x000044be   Number         0  fpinit.o(x$fpl$fpinit)
    x$fpl$fretinf                            0x000044c8   Section       10  fretinf.o(x$fpl$fretinf)
    $v0                                      0x000044c8   Number         0  fretinf.o(x$fpl$fretinf)
    x$fpl$printf1                            0x000044d2   Section        4  printf1.o(x$fpl$printf1)
    $v0                                      0x000044d2   Number         0  printf1.o(x$fpl$printf1)
    x$fpl$usenofp                            0x000044d6   Section        0  usenofp.o(x$fpl$usenofp)
    .constdata                               0x000044d8   Section      480  gps_prog.o(.constdata)
    landmarks                                0x000044d8   Data         240  gps_prog.o(.constdata)
    landmarks                                0x000045c8   Data         240  gps_prog.o(.constdata)
    .constdata                               0x000046b8   Section      320  powf.o(.constdata)
    table                                    0x000046b8   Data         128  powf.o(.constdata)
    powersof2to1over16top                    0x00004738   Data          64  powf.o(.constdata)
    powersof2to1over16bot                    0x00004778   Data          64  powf.o(.constdata)
    powersof2to1over16all                    0x000047b8   Data          64  powf.o(.constdata)
    .constdata                               0x000047f8   Section       32  rredf.o(.constdata)
    twooverpi                                0x000047f8   Data          32  rredf.o(.constdata)
    .constdata                               0x00004818   Section      148  bigflt0.o(.constdata)
    tenpwrs_x                                0x00004818   Data          60  bigflt0.o(.constdata)
    tenpwrs_i                                0x00004854   Data          64  bigflt0.o(.constdata)
    .conststring                             0x000048ac   Section      100  gps_prog.o(.conststring)
    locale$$data                             0x00004930   Section       28  lc_numeric_c.o(locale$$data)
    __lcnum_c_name                           0x00004934   Data           2  lc_numeric_c.o(locale$$data)
    __lcnum_c_start                          0x0000493c   Data           0  lc_numeric_c.o(locale$$data)
    __lcnum_c_point                          0x00004948   Data           0  lc_numeric_c.o(locale$$data)
    __lcnum_c_thousands                      0x0000494a   Data           0  lc_numeric_c.o(locale$$data)
    __lcnum_c_grouping                       0x0000494b   Data           0  lc_numeric_c.o(locale$$data)
    __lcnum_c_end                            0x0000494c   Data           0  lc_numeric_c.o(locale$$data)
    .data                                    0x20000000   Section        4  strtok.o(.data)
    _strtok_saves1                           0x20000000   Data           4  strtok.o(.data)
    .bss                                     0x20000004   Section       32  gps_prog.o(.bss)
    buffer                                   0x20000004   Data          32  gps_prog.o(.bss)
    .bss                                     0x20000024   Section       96  libspace.o(.bss)
    HEAP                                     0x20000088   Section        0  startup_tm4c123.o(HEAP)
    STACK                                    0x20000088   Section      512  startup_tm4c123.o(STACK)
    Heap_Mem                                 0x20000088   Data           0  startup_tm4c123.o(HEAP)
    Stack_Mem                                0x20000088   Data         512  startup_tm4c123.o(STACK)
    __initial_sp                             0x20000288   Data           0  startup_tm4c123.o(STACK)

    Global Symbols

    Symbol Name                              Value     Ov Type        Size  Object(Section)

    BuildAttributes$$THM_ISAv4$E$P$D$K$B$S$7EM$VFPi3$EXTD16$VFPS$VFMA$PE$A:L22UL41UL21$X:L11$S22US41US21$IEEE1$IW$USESV6$~STKCKD$USESV7$~SHL$OTIME$ROPI$IEEEX$EBA8$UX$STANDARDLIB$REQ8$PRES8$EABIv2 0x00000000   Number         0  anon$$obj.o ABSOLUTE
    __ARM_use_no_argv                        0x00000000   Number         0  main.o ABSOLUTE
    __Vectors                                0x00000000   Data           4  startup_tm4c123.o(RESET)
    __ARM_exceptions_init                     - Undefined Weak Reference
    __alloca_initialize                       - Undefined Weak Reference
    __cpp_initialize__aeabi_                  - Undefined Weak Reference
    __cxa_finalize                            - Undefined Weak Reference
    __sigvec_lookup                           - Undefined Weak Reference
    _atexit_init                              - Undefined Weak Reference
    _call_atexit_fns                          - Undefined Weak Reference
    _clock_init                               - Undefined Weak Reference
    _fp_trap_init                             - Undefined Weak Reference
    _fp_trap_shutdown                         - Undefined Weak Reference
    _get_lc_collate                           - Undefined Weak Reference
    _get_lc_ctype                             - Undefined Weak Reference
    _get_lc_monetary                          - Undefined Weak Reference
    _get_lc_time                              - Undefined Weak Reference
    _getenv_init                              - Undefined Weak Reference
    _handle_redirection                       - Undefined Weak Reference
    _init_alloc                               - Undefined Weak Reference
    _init_user_alloc                          - Undefined Weak Reference
    _initio                                   - Undefined Weak Reference
    _printf_post_padding                      - Undefined Weak Reference
    _printf_pre_padding                       - Undefined Weak Reference
    _rand_init                                - Undefined Weak Reference
    _signal_finish                            - Undefined Weak Reference
    _signal_init                              - Undefined Weak Reference
    _terminate_alloc                          - Undefined Weak Reference
    _terminate_user_alloc                     - Undefined Weak Reference
    _terminateio                              - Undefined Weak Reference
    __Vectors_End                            0x0000026c   Data           0  startup_tm4c123.o(RESET)
    __Vectors_Size                           0x0000026c   Number         0  startup_tm4c123.o ABSOLUTE
    __main                                   0x0000026d   Thumb Code     8  __main.o(!!!main)
    __scatterload                            0x00000275   Thumb Code     0  __scatter.o(!!!scatter)
    __scatterload_rt2                        0x00000275   Thumb Code    44  __scatter.o(!!!scatter)
    __scatterload_rt2_thumb_only             0x00000275   Thumb Code     0  __scatter.o(!!!scatter)
    __scatterload_null                       0x00000283   Thumb Code     0  __scatter.o(!!!scatter)
    __scatterload_copy                       0x000002a9   Thumb Code    26  __scatter_copy.o(!!handler_copy)
    __scatterload_zeroinit                   0x000002c5   Thumb Code    28  __scatter_zi.o(!!handler_zi)
    _printf_f                                0x000002e1   Thumb Code     0  _printf_f.o(.ARM.Collect$$_printf_percent$$00000003)
    _printf_percent                          0x000002e1   Thumb Code     0  _printf_percent.o(.ARM.Collect$$_printf_percent$$00000000)
    _printf_percent_end                      0x000002e7   Thumb Code     0  _printf_percent_end.o(.ARM.Collect$$_printf_percent$$00000017)
    __rt_lib_init                            0x000002eb   Thumb Code     0  libinit.o(.ARM.Collect$$libinit$$00000000)
    __rt_lib_init_fp_1                       0x000002ed   Thumb Code     0  libinit2.o(.ARM.Collect$$libinit$$00000001)
    __rt_lib_init_heap_1                     0x000002f1   Thumb Code     0  libinit2.o(.ARM.Collect$$libinit$$00000008)
    __rt_lib_init_lc_common                  0x000002f1   Thumb Code     0  libinit2.o(.ARM.Collect$$libinit$$0000000D)
    __rt_lib_init_rand_1                     0x000002f1   Thumb Code     0  libinit2.o(.ARM.Collect$$libinit$$0000000C)
    __rt_lib_init_user_alloc_1               0x000002f1   Thumb Code     0  libinit2.o(.ARM.Collect$$libinit$$0000000A)
    __rt_lib_init_lc_collate_1               0x000002f7   Thumb Code     0  libinit2.o(.ARM.Collect$$libinit$$0000000F)
    __rt_lib_init_lc_ctype_1                 0x000002f7   Thumb Code     0  libinit2.o(.ARM.Collect$$libinit$$00000011)
    __rt_lib_init_lc_monetary_1              0x000002f7   Thumb Code     0  libinit2.o(.ARM.Collect$$libinit$$00000013)
    __rt_lib_init_lc_numeric_2               0x000002f7   Thumb Code     0  libinit2.o(.ARM.Collect$$libinit$$00000014)
    __rt_lib_init_alloca_1                   0x00000301   Thumb Code     0  libinit2.o(.ARM.Collect$$libinit$$0000002C)
    __rt_lib_init_argv_1                     0x00000301   Thumb Code     0  libinit2.o(.ARM.Collect$$libinit$$0000002A)
    __rt_lib_init_atexit_1                   0x00000301   Thumb Code     0  libinit2.o(.ARM.Collect$$libinit$$00000019)
    __rt_lib_init_clock_1                    0x00000301   Thumb Code     0  libinit2.o(.ARM.Collect$$libinit$$0000001F)
    __rt_lib_init_cpp_1                      0x00000301   Thumb Code     0  libinit2.o(.ARM.Collect$$libinit$$00000030)
    __rt_lib_init_exceptions_1               0x00000301   Thumb Code     0  libinit2.o(.ARM.Collect$$libinit$$0000002E)
    __rt_lib_init_fp_trap_1                  0x00000301   Thumb Code     0  libinit2.o(.ARM.Collect$$libinit$$0000001D)
    __rt_lib_init_getenv_1                   0x00000301   Thumb Code     0  libinit2.o(.ARM.Collect$$libinit$$00000021)
    __rt_lib_init_lc_numeric_1               0x00000301   Thumb Code     0  libinit2.o(.ARM.Collect$$libinit$$00000015)
    __rt_lib_init_lc_time_1                  0x00000301   Thumb Code     0  libinit2.o(.ARM.Collect$$libinit$$00000017)
    __rt_lib_init_return                     0x00000301   Thumb Code     0  libinit2.o(.ARM.Collect$$libinit$$00000031)
    __rt_lib_init_signal_1                   0x00000301   Thumb Code     0  libinit2.o(.ARM.Collect$$libinit$$0000001B)
    __rt_lib_init_stdio_1                    0x00000301   Thumb Code     0  libinit2.o(.ARM.Collect$$libinit$$00000023)
    __rt_lib_shutdown                        0x00000303   Thumb Code     0  libshutdown.o(.ARM.Collect$$libshutdown$$00000000)
    __rt_lib_shutdown_fp_trap_1              0x00000305   Thumb Code     0  libshutdown2.o(.ARM.Collect$$libshutdown$$00000006)
    __rt_lib_shutdown_heap_1                 0x00000305   Thumb Code     0  libshutdown2.o(.ARM.Collect$$libshutdown$$0000000E)
    __rt_lib_shutdown_return                 0x00000305   Thumb Code     0  libshutdown2.o(.ARM.Collect$$libshutdown$$0000000F)
    __rt_lib_shutdown_signal_1               0x00000305   Thumb Code     0  libshutdown2.o(.ARM.Collect$$libshutdown$$00000009)
    __rt_lib_shutdown_stdio_1                0x00000305   Thumb Code     0  libshutdown2.o(.ARM.Collect$$libshutdown$$00000003)
    __rt_lib_shutdown_user_alloc_1           0x00000305   Thumb Code     0  libshutdown2.o(.ARM.Collect$$libshutdown$$0000000B)
    __rt_entry                               0x00000307   Thumb Code     0  rtentry.o(.ARM.Collect$$rtentry$$00000000)
    __rt_entry_presh_1                       0x00000307   Thumb Code     0  rtentry2.o(.ARM.Collect$$rtentry$$00000002)
    __rt_entry_sh                            0x00000307   Thumb Code     0  rtentry4.o(.ARM.Collect$$rtentry$$00000004)
    __rt_entry_li                            0x0000030d   Thumb Code     0  rtentry2.o(.ARM.Collect$$rtentry$$0000000A)
    __rt_entry_postsh_1                      0x0000030d   Thumb Code     0  rtentry2.o(.ARM.Collect$$rtentry$$00000009)
    __rt_entry_main                          0x00000311   Thumb Code     0  rtentry2.o(.ARM.Collect$$rtentry$$0000000D)
    __rt_entry_postli_1                      0x00000311   Thumb Code     0  rtentry2.o(.ARM.Collect$$rtentry$$0000000C)
    __rt_exit                                0x00000319   Thumb Code     0  rtexit.o(.ARM.Collect$$rtexit$$00000000)
    __rt_exit_ls                             0x0000031b   Thumb Code     0  rtexit2.o(.ARM.Collect$$rtexit$$00000003)
    __rt_exit_prels_1                        0x0000031b   Thumb Code     0  rtexit2.o(.ARM.Collect$$rtexit$$00000002)
    __rt_exit_exit                           0x0000031f   Thumb Code     0  rtexit2.o(.ARM.Collect$$rtexit$$00000004)
    GPIO_u8Init                              0x00000325   Thumb Code   264  gpio_program.o(.text)
    GPIO_u8ConfigPin                         0x0000042d   Thumb Code   214  gpio_program.o(.text)
    GPIO_u8ConfigPORT                        0x00000503   Thumb Code   132  gpio_program.o(.text)
    GPIO_u8GetPinValue                       0x00000587   Thumb Code    78  gpio_program.o(.text)
    GPIO_u8SetPinValue                       0x000005d5   Thumb Code    94  gpio_program.o(.text)
    GPIO_u8SetPortValue                      0x00000633   Thumb Code    64  gpio_program.o(.text)
    GPIO_u8SetMode                           0x00000673   Thumb Code   294  gpio_program.o(.text)
    GPS_CustomStringToFloat                  0x000007a1   Thumb Code   256  gps_prog.o(.text)
    GPS_u8ParsGpsString                      0x000008a1   Thumb Code   138  gps_prog.o(.text)
    GPS_f64ConvertToDecimalDegrees           0x0000092b   Thumb Code   212  gps_prog.o(.text)
    GPS_f64CalculateDistanceFromCoordinates  0x000009ff   Thumb Code   856  gps_prog.o(.text)
    GPS_f64CalculateDistanceToLandmark       0x00000d57   Thumb Code    58  gps_prog.o(.text)
    GPS_u8FindNearestLandmark                0x00000d91   Thumb Code   164  gps_prog.o(.text)
    floatToString                            0x00000e35   Thumb Code   326  gps_prog.o(.text)
    GPS_voidDisplayNearestLandmark           0x00000f7b   Thumb Code    80  gps_prog.o(.text)
    GPS_voidCheckTheNearest                  0x00000fcb   Thumb Code   104  gps_prog.o(.text)
    Bonus_void_CheckDirection                0x00001033   Thumb Code   662  gps_prog.o(.text)
    LCD_voidSendData                         0x00001345   Thumb Code    64  lcd_prog.c.o(.text)
    LCD_voidSendString                       0x00001385   Thumb Code    26  lcd_prog.c.o(.text)
    LCD_voidSendCommand                      0x0000139f   Thumb Code    64  lcd_prog.c.o(.text)
    LCD_voidInit                             0x000013df   Thumb Code   192  lcd_prog.c.o(.text)
    LCD_voidMoveCursor                       0x0000149f   Thumb Code    38  lcd_prog.c.o(.text)
    LCD_voidClearScreen                      0x000014c5   Thumb Code    10  lcd_prog.c.o(.text)
    LCD_voidSendNumber                       0x000014cf   Thumb Code    50  lcd_prog.c.o(.text)
    main                                     0x00001511   Thumb Code   388  main.o(.text)
    Reset_Handler                            0x000016a1   Thumb Code    24  startup_tm4c123.o(.text)
    NMI_Handler                              0x000016b9   Thumb Code     2  startup_tm4c123.o(.text)
    HardFault_Handler                        0x000016bb   Thumb Code     2  startup_tm4c123.o(.text)
    MemManage_Handler                        0x000016bd   Thumb Code     2  startup_tm4c123.o(.text)
    BusFault_Handler                         0x000016bf   Thumb Code     2  startup_tm4c123.o(.text)
    UsageFault_Handler                       0x000016c1   Thumb Code     2  startup_tm4c123.o(.text)
    SVC_Handler                              0x000016c3   Thumb Code     2  startup_tm4c123.o(.text)
    DebugMon_Handler                         0x000016c5   Thumb Code     2  startup_tm4c123.o(.text)
    PendSV_Handler                           0x000016c7   Thumb Code     2  startup_tm4c123.o(.text)
    SysTick_Handler                          0x000016c9   Thumb Code     2  startup_tm4c123.o(.text)
    GPIOA_Handler                            0x000016cb   Thumb Code     2  startup_tm4c123.o(.text)
    GPIOB_Handler                            0x000016cd   Thumb Code     2  startup_tm4c123.o(.text)
    GPIOC_Handler                            0x000016cf   Thumb Code     2  startup_tm4c123.o(.text)
    GPIOD_Handler                            0x000016d1   Thumb Code     2  startup_tm4c123.o(.text)
    GPIOE_Handler                            0x000016d3   Thumb Code     2  startup_tm4c123.o(.text)
    UART0_Handler                            0x000016d5   Thumb Code     2  startup_tm4c123.o(.text)
    UART1_Handler                            0x000016d7   Thumb Code     2  startup_tm4c123.o(.text)
    SSI0_Handler                             0x000016d9   Thumb Code     2  startup_tm4c123.o(.text)
    I2C0_Handler                             0x000016db   Thumb Code     2  startup_tm4c123.o(.text)
    PMW0_FAULT_Handler                       0x000016dd   Thumb Code     2  startup_tm4c123.o(.text)
    PWM0_0_Handler                           0x000016df   Thumb Code     2  startup_tm4c123.o(.text)
    PWM0_1_Handler                           0x000016e1   Thumb Code     2  startup_tm4c123.o(.text)
    PWM0_2_Handler                           0x000016e3   Thumb Code     2  startup_tm4c123.o(.text)
    QEI0_Handler                             0x000016e5   Thumb Code     2  startup_tm4c123.o(.text)
    ADC0SS0_Handler                          0x000016e7   Thumb Code     2  startup_tm4c123.o(.text)
    ADC0SS1_Handler                          0x000016e9   Thumb Code     2  startup_tm4c123.o(.text)
    ADC0SS2_Handler                          0x000016eb   Thumb Code     2  startup_tm4c123.o(.text)
    ADC0SS3_Handler                          0x000016ed   Thumb Code     2  startup_tm4c123.o(.text)
    WDT0_Handler                             0x000016ef   Thumb Code     2  startup_tm4c123.o(.text)
    TIMER0A_Handler                          0x000016f1   Thumb Code     2  startup_tm4c123.o(.text)
    TIMER0B_Handler                          0x000016f3   Thumb Code     2  startup_tm4c123.o(.text)
    TIMER1A_Handler                          0x000016f5   Thumb Code     2  startup_tm4c123.o(.text)
    TIMER1B_Handler                          0x000016f7   Thumb Code     2  startup_tm4c123.o(.text)
    TIMER2A_Handler                          0x000016f9   Thumb Code     2  startup_tm4c123.o(.text)
    TIMER2B_Handler                          0x000016fb   Thumb Code     2  startup_tm4c123.o(.text)
    COMP0_Handler                            0x000016fd   Thumb Code     2  startup_tm4c123.o(.text)
    COMP1_Handler                            0x000016ff   Thumb Code     2  startup_tm4c123.o(.text)
    COMP2_Handler                            0x00001701   Thumb Code     2  startup_tm4c123.o(.text)
    SYSCTL_Handler                           0x00001703   Thumb Code     2  startup_tm4c123.o(.text)
    FLASH_Handler                            0x00001705   Thumb Code     2  startup_tm4c123.o(.text)
    GPIOF_Handler                            0x00001707   Thumb Code     2  startup_tm4c123.o(.text)
    GPIOG_Handler                            0x00001709   Thumb Code     2  startup_tm4c123.o(.text)
    GPIOH_Handler                            0x0000170b   Thumb Code     2  startup_tm4c123.o(.text)
    UART2_Handler                            0x0000170d   Thumb Code     2  startup_tm4c123.o(.text)
    SSI1_Handler                             0x0000170f   Thumb Code     2  startup_tm4c123.o(.text)
    TIMER3A_Handler                          0x00001711   Thumb Code     2  startup_tm4c123.o(.text)
    TIMER3B_Handler                          0x00001713   Thumb Code     2  startup_tm4c123.o(.text)
    I2C1_Handler                             0x00001715   Thumb Code     2  startup_tm4c123.o(.text)
    QEI1_Handler                             0x00001717   Thumb Code     2  startup_tm4c123.o(.text)
    CAN0_Handler                             0x00001719   Thumb Code     2  startup_tm4c123.o(.text)
    CAN1_Handler                             0x0000171b   Thumb Code     2  startup_tm4c123.o(.text)
    CAN2_Handler                             0x0000171d   Thumb Code     2  startup_tm4c123.o(.text)
    HIB_Handler                              0x0000171f   Thumb Code     2  startup_tm4c123.o(.text)
    USB0_Handler                             0x00001721   Thumb Code     2  startup_tm4c123.o(.text)
    PWM0_3_Handler                           0x00001723   Thumb Code     2  startup_tm4c123.o(.text)
    UDMA_Handler                             0x00001725   Thumb Code     2  startup_tm4c123.o(.text)
    UDMAERR_Handler                          0x00001727   Thumb Code     2  startup_tm4c123.o(.text)
    ADC1SS0_Handler                          0x00001729   Thumb Code     2  startup_tm4c123.o(.text)
    ADC1SS1_Handler                          0x0000172b   Thumb Code     2  startup_tm4c123.o(.text)
    ADC1SS2_Handler                          0x0000172d   Thumb Code     2  startup_tm4c123.o(.text)
    ADC1SS3_Handler                          0x0000172f   Thumb Code     2  startup_tm4c123.o(.text)
    GPIOJ_Handler                            0x00001731   Thumb Code     2  startup_tm4c123.o(.text)
    GPIOK_Handler                            0x00001733   Thumb Code     2  startup_tm4c123.o(.text)
    GPIOL_Handler                            0x00001735   Thumb Code     2  startup_tm4c123.o(.text)
    SSI2_Handler                             0x00001737   Thumb Code     2  startup_tm4c123.o(.text)
    SSI3_Handler                             0x00001739   Thumb Code     2  startup_tm4c123.o(.text)
    UART3_Handler                            0x0000173b   Thumb Code     2  startup_tm4c123.o(.text)
    UART4_Handler                            0x0000173d   Thumb Code     2  startup_tm4c123.o(.text)
    UART5_Handler                            0x0000173f   Thumb Code     2  startup_tm4c123.o(.text)
    UART6_Handler                            0x00001741   Thumb Code     2  startup_tm4c123.o(.text)
    UART7_Handler                            0x00001743   Thumb Code     2  startup_tm4c123.o(.text)
    I2C2_Handler                             0x00001745   Thumb Code     2  startup_tm4c123.o(.text)
    I2C3_Handler                             0x00001747   Thumb Code     2  startup_tm4c123.o(.text)
    TIMER4A_Handler                          0x00001749   Thumb Code     2  startup_tm4c123.o(.text)
    TIMER4B_Handler                          0x0000174b   Thumb Code     2  startup_tm4c123.o(.text)
    TIMER5A_Handler                          0x0000174d   Thumb Code     2  startup_tm4c123.o(.text)
    TIMER5B_Handler                          0x0000174f   Thumb Code     2  startup_tm4c123.o(.text)
    WTIMER0A_Handler                         0x00001751   Thumb Code     2  startup_tm4c123.o(.text)
    WTIMER0B_Handler                         0x00001753   Thumb Code     2  startup_tm4c123.o(.text)
    WTIMER1A_Handler                         0x00001755   Thumb Code     2  startup_tm4c123.o(.text)
    WTIMER1B_Handler                         0x00001757   Thumb Code     2  startup_tm4c123.o(.text)
    WTIMER2A_Handler                         0x00001759   Thumb Code     2  startup_tm4c123.o(.text)
    WTIMER2B_Handler                         0x0000175b   Thumb Code     2  startup_tm4c123.o(.text)
    WTIMER3A_Handler                         0x0000175d   Thumb Code     2  startup_tm4c123.o(.text)
    WTIMER3B_Handler                         0x0000175f   Thumb Code     2  startup_tm4c123.o(.text)
    WTIMER4A_Handler                         0x00001761   Thumb Code     2  startup_tm4c123.o(.text)
    WTIMER4B_Handler                         0x00001763   Thumb Code     2  startup_tm4c123.o(.text)
    WTIMER5A_Handler                         0x00001765   Thumb Code     2  startup_tm4c123.o(.text)
    WTIMER5B_Handler                         0x00001767   Thumb Code     2  startup_tm4c123.o(.text)
    FPU_Handler                              0x00001769   Thumb Code     2  startup_tm4c123.o(.text)
    I2C4_Handler                             0x0000176b   Thumb Code     2  startup_tm4c123.o(.text)
    I2C5_Handler                             0x0000176d   Thumb Code     2  startup_tm4c123.o(.text)
    GPIOM_Handler                            0x0000176f   Thumb Code     2  startup_tm4c123.o(.text)
    GPION_Handler                            0x00001771   Thumb Code     2  startup_tm4c123.o(.text)
    QEI2_Handler                             0x00001773   Thumb Code     2  startup_tm4c123.o(.text)
    GPIOP0_Handler                           0x00001775   Thumb Code     2  startup_tm4c123.o(.text)
    GPIOP1_Handler                           0x00001777   Thumb Code     2  startup_tm4c123.o(.text)
    GPIOP2_Handler                           0x00001779   Thumb Code     2  startup_tm4c123.o(.text)
    GPIOP3_Handler                           0x0000177b   Thumb Code     2  startup_tm4c123.o(.text)
    GPIOP4_Handler                           0x0000177d   Thumb Code     2  startup_tm4c123.o(.text)
    GPIOP5_Handler                           0x0000177f   Thumb Code     2  startup_tm4c123.o(.text)
    GPIOP6_Handler                           0x00001781   Thumb Code     2  startup_tm4c123.o(.text)
    GPIOP7_Handler                           0x00001783   Thumb Code     2  startup_tm4c123.o(.text)
    GPIOQ0_Handler                           0x00001785   Thumb Code     2  startup_tm4c123.o(.text)
    GPIOQ1_Handler                           0x00001787   Thumb Code     2  startup_tm4c123.o(.text)
    GPIOQ2_Handler                           0x00001789   Thumb Code     2  startup_tm4c123.o(.text)
    GPIOQ3_Handler                           0x0000178b   Thumb Code     2  startup_tm4c123.o(.text)
    GPIOQ4_Handler                           0x0000178d   Thumb Code     2  startup_tm4c123.o(.text)
    GPIOQ5_Handler                           0x0000178f   Thumb Code     2  startup_tm4c123.o(.text)
    GPIOQ6_Handler                           0x00001791   Thumb Code     2  startup_tm4c123.o(.text)
    GPIOQ7_Handler                           0x00001793   Thumb Code     2  startup_tm4c123.o(.text)
    GPIOR_Handler                            0x00001795   Thumb Code     2  startup_tm4c123.o(.text)
    GPIOS_Handler                            0x00001797   Thumb Code     2  startup_tm4c123.o(.text)
    PMW1_0_Handler                           0x00001799   Thumb Code     2  startup_tm4c123.o(.text)
    PWM1_1_Handler                           0x0000179b   Thumb Code     2  startup_tm4c123.o(.text)
    PWM1_2_Handler                           0x0000179d   Thumb Code     2  startup_tm4c123.o(.text)
    PWM1_3_Handler                           0x0000179f   Thumb Code     2  startup_tm4c123.o(.text)
    PWM1_FAULT_Handler                       0x000017a1   Thumb Code     2  startup_tm4c123.o(.text)
    __user_initial_stackheap                 0x000017a5   Thumb Code     0  startup_tm4c123.o(.text)
    Systick_u8Init                           0x000017c5   Thumb Code   104  systick_program.o(.text)
    Systick_voidWaitOnTicks                  0x0000182d   Thumb Code    54  systick_program.o(.text)
    Systick_voidDelay_ms                     0x00001863   Thumb Code    24  systick_program.o(.text)
    Systick_voidDelay_us                     0x0000187b   Thumb Code    22  systick_program.o(.text)
    UART0_voidConfig                         0x00001891   Thumb Code   174  uart_program.o(.text)
    UART0_voidInitialize                     0x0000193f   Thumb Code   156  uart_program.o(.text)
    UART0_u8ReceiveByte                      0x000019db   Thumb Code    22  uart_program.o(.text)
    UART0_voidSendByte                       0x000019f1   Thumb Code    20  uart_program.o(.text)
    UART0_voidReceiveString                  0x00001a05   Thumb Code    40  uart_program.o(.text)
    UART0_voidSendString                     0x00001a2d   Thumb Code    22  uart_program.o(.text)
    UART1_voidConfig                         0x00001a43   Thumb Code   174  uart_program.o(.text)
    UART1_voidInitialize                     0x00001af1   Thumb Code   154  uart_program.o(.text)
    UART1_u8ReceiveByte                      0x00001b8b   Thumb Code    22  uart_program.o(.text)
    UART1_voidSendByte                       0x00001ba1   Thumb Code    20  uart_program.o(.text)
    UART1_voidReceiveString                  0x00001bb5   Thumb Code    36  uart_program.o(.text)
    UART1_voidSendString                     0x00001bd9   Thumb Code    22  uart_program.o(.text)
    Buzzer_Init                              0x00001c19   Thumb Code    18  buzzer_copy.o(.text)
    Buzzer_On                                0x00001c2b   Thumb Code    14  buzzer_copy.o(.text)
    Buzzer_Off                               0x00001c39   Thumb Code    14  buzzer_copy.o(.text)
    Buzzer_GenerateTone                      0x00001c47   Thumb Code    44  buzzer_copy.o(.text)
    Buzzer_PlayDestinationTone               0x00001c73   Thumb Code    12  buzzer_copy.o(.text)
    __2sprintf                               0x00001c81   Thumb Code    34  noretval__2sprintf.o(.text)
    __printf                                 0x00001ca9   Thumb Code   104  __printf.o(.text)
    strtok                                   0x00001d11   Thumb Code     6  strtok.o(.text)
    __aeabi_memcpy4                          0x00001d1d   Thumb Code     0  rt_memcpy_w.o(.text)
    __aeabi_memcpy8                          0x00001d1d   Thumb Code     0  rt_memcpy_w.o(.text)
    __rt_memcpy_w                            0x00001d1d   Thumb Code   100  rt_memcpy_w.o(.text)
    _memcpy_lastbytes_aligned                0x00001d65   Thumb Code     0  rt_memcpy_w.o(.text)
    strcmp                                   0x00001d81   Thumb Code   128  strcmpv7m.o(.text)
    __use_two_region_memory                  0x00001e01   Thumb Code     2  heapauxi.o(.text)
    __rt_heap_escrow$2region                 0x00001e03   Thumb Code     2  heapauxi.o(.text)
    __rt_heap_expand$2region                 0x00001e05   Thumb Code     2  heapauxi.o(.text)
    __read_errno                             0x00001e07   Thumb Code    10  _rserrno.o(.text)
    __set_errno                              0x00001e11   Thumb Code    12  _rserrno.o(.text)
    __lib_sel_fp_printf                      0x00001e1d   Thumb Code     2  _printf_fp_dec.o(.text)
    _printf_fp_dec_real                      0x00001fc9   Thumb Code   628  _printf_fp_dec.o(.text)
    _printf_char_common                      0x00002247   Thumb Code    32  _printf_char_common.o(.text)
    _sputc                                   0x0000226d   Thumb Code    10  _sputc.o(.text)
    __strtok_internal                        0x00002279   Thumb Code    64  strtok_int.o(.text)
    __rt_locale                              0x000022bd   Thumb Code     8  rt_locale_intlibspace.o(.text)
    __aeabi_errno_addr                       0x000022c5   Thumb Code     8  rt_errno_addr_intlibspace.o(.text)
    __errno$intlibspace                      0x000022c5   Thumb Code     0  rt_errno_addr_intlibspace.o(.text)
    __rt_errno_addr$intlibspace              0x000022c5   Thumb Code     0  rt_errno_addr_intlibspace.o(.text)
    _ll_udiv10                               0x000022cd   Thumb Code   138  lludiv10.o(.text)
    _printf_fp_infnan                        0x00002359   Thumb Code   112  _printf_fp_infnan.o(.text)
    _btod_etento                             0x000023d9   Thumb Code   222  bigflt0.o(.text)
    strcspn                                  0x000024bd   Thumb Code    32  strcspn.o(.text)
    strspn                                   0x000024dd   Thumb Code    28  strspn.o(.text)
    __user_libspace                          0x000024f9   Thumb Code     8  libspace.o(.text)
    __user_perproc_libspace                  0x000024f9   Thumb Code     0  libspace.o(.text)
    __user_perthread_libspace                0x000024f9   Thumb Code     0  libspace.o(.text)
    __user_setup_stackheap                   0x00002501   Thumb Code    74  sys_stackheap_outer.o(.text)
    exit                                     0x0000254b   Thumb Code    12  exit.o(.text)
    _sys_exit                                0x00002559   Thumb Code     8  sys_exit.o(.text)
    __I$use$semihosting                      0x00002565   Thumb Code     0  use_no_semi.o(.text)
    __use_no_semihosting_swi                 0x00002565   Thumb Code     2  use_no_semi.o(.text)
    __semihosting_library_function           0x00002567   Thumb Code     0  indicate_semi.o(.text)
    _btod_d2e                                0x00002567   Thumb Code    62  btod.o(CL$$btod_d2e)
    _d2e_denorm_low                          0x000025a5   Thumb Code    70  btod.o(CL$$btod_d2e_denorm_low)
    _d2e_norm_op1                            0x000025eb   Thumb Code    96  btod.o(CL$$btod_d2e_norm_op1)
    __btod_div_common                        0x0000264b   Thumb Code   696  btod.o(CL$$btod_div_common)
    _e2e                                     0x00002983   Thumb Code   198  btod.o(CL$$btod_e2e)
    _btod_ediv                               0x00002a49   Thumb Code    40  btod.o(CL$$btod_ediv)
    _btod_emul                               0x00002a71   Thumb Code    40  btod.o(CL$$btod_emul)
    __btod_mult_common                       0x00002a99   Thumb Code   580  btod.o(CL$$btod_mult_common)
    __ARM_fpclassify                         0x00002cdd   Thumb Code    48  fpclassify.o(i.__ARM_fpclassify)
    __ARM_fpclassifyf                        0x00002d0d   Thumb Code    38  fpclassifyf.o(i.__ARM_fpclassifyf)
    __hardfp_atanf                           0x00002d35   Thumb Code   290  atanf.o(i.__hardfp_atanf)
    __hardfp_cosf                            0x00002e99   Thumb Code   282  cosf.o(i.__hardfp_cosf)
    __hardfp_fabs                            0x00002ff5   Thumb Code    20  fabs.o(i.__hardfp_fabs)
    __hardfp_powf                            0x00003009   Thumb Code  1550  powf.o(i.__hardfp_powf)
    __mathlib_powf                           0x00003009   Thumb Code     0  powf.o(i.__hardfp_powf)
    __hardfp_sinf                            0x0000363d   Thumb Code   314  sinf.o(i.__hardfp_sinf)
    __hardfp_sqrtf                           0x000037b5   Thumb Code    58  sqrtf.o(i.__hardfp_sqrtf)
    __mathlib_flt_underflow                  0x000037f1   Thumb Code    10  funder.o(i.__mathlib_flt_underflow)
    __mathlib_rredf2                         0x00003801   Thumb Code   296  rredf.o(i.__mathlib_rredf2)
    _get_lc_numeric                          0x00003941   Thumb Code    44  lc_numeric_c.o(locale$$code)
    __aeabi_dneg                             0x0000396d   Thumb Code     0  basic.o(x$fpl$basic)
    _dneg                                    0x0000396d   Thumb Code     6  basic.o(x$fpl$basic)
    __aeabi_fneg                             0x00003973   Thumb Code     0  basic.o(x$fpl$basic)
    _fneg                                    0x00003973   Thumb Code     6  basic.o(x$fpl$basic)
    _dabs                                    0x00003979   Thumb Code     6  basic.o(x$fpl$basic)
    _fabs                                    0x0000397f   Thumb Code     6  basic.o(x$fpl$basic)
    __aeabi_d2f                              0x00003985   Thumb Code     0  d2f.o(x$fpl$d2f)
    _d2f                                     0x00003985   Thumb Code    98  d2f.o(x$fpl$d2f)
    __aeabi_dadd                             0x000039e9   Thumb Code     0  daddsub_clz.o(x$fpl$dadd)
    _dadd                                    0x000039e9   Thumb Code   332  daddsub_clz.o(x$fpl$dadd)
    __fpl_dcmp_Inf                           0x00003b39   Thumb Code    24  dcmpi.o(x$fpl$dcmpinf)
    __aeabi_ddiv                             0x00003b51   Thumb Code     0  ddiv.o(x$fpl$ddiv)
    _ddiv                                    0x00003b51   Thumb Code   552  ddiv.o(x$fpl$ddiv)
    __aeabi_d2iz                             0x00003e01   Thumb Code     0  dfix.o(x$fpl$dfix)
    _dfix                                    0x00003e01   Thumb Code    94  dfix.o(x$fpl$dfix)
    __aeabi_d2uiz                            0x00003e61   Thumb Code     0  dfixu.o(x$fpl$dfixu)
    _dfixu                                   0x00003e61   Thumb Code    90  dfixu.o(x$fpl$dfixu)
    __aeabi_i2d                              0x00003ebb   Thumb Code     0  dflt_clz.o(x$fpl$dflt)
    _dflt                                    0x00003ebb   Thumb Code    46  dflt_clz.o(x$fpl$dflt)
    __aeabi_ui2d                             0x00003ee9   Thumb Code     0  dflt_clz.o(x$fpl$dfltu)
    _dfltu                                   0x00003ee9   Thumb Code    38  dflt_clz.o(x$fpl$dfltu)
    __aeabi_cdcmple                          0x00003f11   Thumb Code     0  dleqf.o(x$fpl$dleqf)
    _dcmple                                  0x00003f11   Thumb Code   120  dleqf.o(x$fpl$dleqf)
    __fpl_dcmple_InfNaN                      0x00003f73   Thumb Code     0  dleqf.o(x$fpl$dleqf)
    __aeabi_dmul                             0x00003f89   Thumb Code     0  dmul.o(x$fpl$dmul)
    _dmul                                    0x00003f89   Thumb Code   332  dmul.o(x$fpl$dmul)
    __fpl_dnaninf                            0x000040dd   Thumb Code   156  dnaninf.o(x$fpl$dnaninf)
    __fpl_dretinf                            0x00004179   Thumb Code    12  dretinf.o(x$fpl$dretinf)
    __aeabi_cdrcmple                         0x00004185   Thumb Code     0  drleqf.o(x$fpl$drleqf)
    _drcmple                                 0x00004185   Thumb Code   108  drleqf.o(x$fpl$drleqf)
    __aeabi_drsub                            0x000041f1   Thumb Code     0  daddsub_clz.o(x$fpl$drsb)
    _drsb                                    0x000041f1   Thumb Code    22  daddsub_clz.o(x$fpl$drsb)
    __aeabi_dsub                             0x00004209   Thumb Code     0  daddsub_clz.o(x$fpl$dsub)
    _dsub                                    0x00004209   Thumb Code   464  daddsub_clz.o(x$fpl$dsub)
    __aeabi_f2d                              0x000043dd   Thumb Code     0  f2d.o(x$fpl$f2d)
    _f2d                                     0x000043dd   Thumb Code    86  f2d.o(x$fpl$f2d)
    __fpl_fnaninf                            0x00004433   Thumb Code   140  fnaninf.o(x$fpl$fnaninf)
    _fp_init                                 0x000044bf   Thumb Code    10  fpinit.o(x$fpl$fpinit)
    __fplib_config_fpu_vfp                   0x000044c7   Thumb Code     0  fpinit.o(x$fpl$fpinit)
    __fplib_config_pureend_doubles           0x000044c7   Thumb Code     0  fpinit.o(x$fpl$fpinit)
    __fpl_fretinf                            0x000044c9   Thumb Code    10  fretinf.o(x$fpl$fretinf)
    _printf_fp_dec                           0x000044d3   Thumb Code     4  printf1.o(x$fpl$printf1)
    __I$use$fp                               0x000044d6   Number         0  usenofp.o(x$fpl$usenofp)
    Region$$Table$$Base                      0x00004910   Number         0  anon$$obj.o(Region$$Table)
    Region$$Table$$Limit                     0x00004930   Number         0  anon$$obj.o(Region$$Table)
    __libspace_start                         0x20000024   Data          96  libspace.o(.bss)
    __temporary_stack_top$libspace           0x20000084   Data           0  libspace.o(.bss)



==============================================================================

Memory Map of the image

  Image Entry point : 0x000016a1

  Load Region LR_1 (Base: 0x00000000, Size: 0x00004950, Max: 0xffffffff, ABSOLUTE)

    Execution Region ER_RO (Base: 0x00000000, Size: 0x0000494c, Max: 0xffffffff, ABSOLUTE)

    Base Addr    Size         Type   Attr      Idx    E Section Name        Object

    0x00000000   0x0000026c   Data   RO          122    RESET               startup_tm4c123.o
    0x0000026c   0x00000008   Code   RO          264  * !!!main             c_w.l(__main.o)
    0x00000274   0x00000034   Code   RO          605    !!!scatter          c_w.l(__scatter.o)
    0x000002a8   0x0000001a   Code   RO          607    !!handler_copy      c_w.l(__scatter_copy.o)
    0x000002c2   0x00000002   PAD
    0x000002c4   0x0000001c   Code   RO          609    !!handler_zi        c_w.l(__scatter_zi.o)
    0x000002e0   0x00000000   Code   RO          254    .ARM.Collect$$_printf_percent$$00000000  c_w.l(_printf_percent.o)
    0x000002e0   0x00000006   Code   RO          253    .ARM.Collect$$_printf_percent$$00000003  c_w.l(_printf_f.o)
    0x000002e6   0x00000004   Code   RO          381    .ARM.Collect$$_printf_percent$$00000017  c_w.l(_printf_percent_end.o)
    0x000002ea   0x00000002   Code   RO          481    .ARM.Collect$$libinit$$00000000  c_w.l(libinit.o)
    0x000002ec   0x00000004   Code   RO          482    .ARM.Collect$$libinit$$00000001  c_w.l(libinit2.o)
    0x000002f0   0x00000000   Code   RO          486    .ARM.Collect$$libinit$$00000008  c_w.l(libinit2.o)
    0x000002f0   0x00000000   Code   RO          488    .ARM.Collect$$libinit$$0000000A  c_w.l(libinit2.o)
    0x000002f0   0x00000000   Code   RO          490    .ARM.Collect$$libinit$$0000000C  c_w.l(libinit2.o)
    0x000002f0   0x00000006   Code   RO          491    .ARM.Collect$$libinit$$0000000D  c_w.l(libinit2.o)
    0x000002f6   0x00000000   Code   RO          493    .ARM.Collect$$libinit$$0000000F  c_w.l(libinit2.o)
    0x000002f6   0x00000000   Code   RO          495    .ARM.Collect$$libinit$$00000011  c_w.l(libinit2.o)
    0x000002f6   0x00000000   Code   RO          497    .ARM.Collect$$libinit$$00000013  c_w.l(libinit2.o)
    0x000002f6   0x0000000a   Code   RO          498    .ARM.Collect$$libinit$$00000014  c_w.l(libinit2.o)
    0x00000300   0x00000000   Code   RO          499    .ARM.Collect$$libinit$$00000015  c_w.l(libinit2.o)
    0x00000300   0x00000000   Code   RO          501    .ARM.Collect$$libinit$$00000017  c_w.l(libinit2.o)
    0x00000300   0x00000000   Code   RO          503    .ARM.Collect$$libinit$$00000019  c_w.l(libinit2.o)
    0x00000300   0x00000000   Code   RO          505    .ARM.Collect$$libinit$$0000001B  c_w.l(libinit2.o)
    0x00000300   0x00000000   Code   RO          507    .ARM.Collect$$libinit$$0000001D  c_w.l(libinit2.o)
    0x00000300   0x00000000   Code   RO          509    .ARM.Collect$$libinit$$0000001F  c_w.l(libinit2.o)
    0x00000300   0x00000000   Code   RO          511    .ARM.Collect$$libinit$$00000021  c_w.l(libinit2.o)
    0x00000300   0x00000000   Code   RO          513    .ARM.Collect$$libinit$$00000023  c_w.l(libinit2.o)
    0x00000300   0x00000000   Code   RO          517    .ARM.Collect$$libinit$$0000002A  c_w.l(libinit2.o)
    0x00000300   0x00000000   Code   RO          519    .ARM.Collect$$libinit$$0000002C  c_w.l(libinit2.o)
    0x00000300   0x00000000   Code   RO          521    .ARM.Collect$$libinit$$0000002E  c_w.l(libinit2.o)
    0x00000300   0x00000000   Code   RO          523    .ARM.Collect$$libinit$$00000030  c_w.l(libinit2.o)
    0x00000300   0x00000002   Code   RO          524    .ARM.Collect$$libinit$$00000031  c_w.l(libinit2.o)
    0x00000302   0x00000002   Code   RO          554    .ARM.Collect$$libshutdown$$00000000  c_w.l(libshutdown.o)
    0x00000304   0x00000000   Code   RO          566    .ARM.Collect$$libshutdown$$00000003  c_w.l(libshutdown2.o)
    0x00000304   0x00000000   Code   RO          569    .ARM.Collect$$libshutdown$$00000006  c_w.l(libshutdown2.o)
    0x00000304   0x00000000   Code   RO          572    .ARM.Collect$$libshutdown$$00000009  c_w.l(libshutdown2.o)
    0x00000304   0x00000000   Code   RO          574    .ARM.Collect$$libshutdown$$0000000B  c_w.l(libshutdown2.o)
    0x00000304   0x00000000   Code   RO          577    .ARM.Collect$$libshutdown$$0000000E  c_w.l(libshutdown2.o)
    0x00000304   0x00000002   Code   RO          578    .ARM.Collect$$libshutdown$$0000000F  c_w.l(libshutdown2.o)
    0x00000306   0x00000000   Code   RO          372    .ARM.Collect$$rtentry$$00000000  c_w.l(rtentry.o)
    0x00000306   0x00000000   Code   RO          405    .ARM.Collect$$rtentry$$00000002  c_w.l(rtentry2.o)
    0x00000306   0x00000006   Code   RO          417    .ARM.Collect$$rtentry$$00000004  c_w.l(rtentry4.o)
    0x0000030c   0x00000000   Code   RO          407    .ARM.Collect$$rtentry$$00000009  c_w.l(rtentry2.o)
    0x0000030c   0x00000004   Code   RO          408    .ARM.Collect$$rtentry$$0000000A  c_w.l(rtentry2.o)
    0x00000310   0x00000000   Code   RO          410    .ARM.Collect$$rtentry$$0000000C  c_w.l(rtentry2.o)
    0x00000310   0x00000008   Code   RO          411    .ARM.Collect$$rtentry$$0000000D  c_w.l(rtentry2.o)
    0x00000318   0x00000002   Code   RO          525    .ARM.Collect$$rtexit$$00000000  c_w.l(rtexit.o)
    0x0000031a   0x00000000   Code   RO          532    .ARM.Collect$$rtexit$$00000002  c_w.l(rtexit2.o)
    0x0000031a   0x00000004   Code   RO          533    .ARM.Collect$$rtexit$$00000003  c_w.l(rtexit2.o)
    0x0000031e   0x00000006   Code   RO          534    .ARM.Collect$$rtexit$$00000004  c_w.l(rtexit2.o)
    0x00000324   0x0000047c   Code   RO            1    .text               gpio_program.o
    0x000007a0   0x00000b30   Code   RO           27    .text               gps_prog.o
    0x000012d0   0x00000240   Code   RO           71    .text               lcd_prog.c.o
    0x00001510   0x00000190   Code   RO           92    .text               main.o
    0x000016a0   0x00000124   Code   RO          123  * .text               startup_tm4c123.o
    0x000017c4   0x000000cc   Code   RO          176    .text               systick_program.o
    0x00001890   0x00000388   Code   RO          191    .text               uart_program.o
    0x00001c18   0x00000066   Code   RO          212    .text               buzzer_copy.o
    0x00001c7e   0x00000002   PAD
    0x00001c80   0x00000028   Code   RO          229    .text               c_w.l(noretval__2sprintf.o)
    0x00001ca8   0x00000068   Code   RO          231    .text               c_w.l(__printf.o)
    0x00001d10   0x0000000c   Code   RO          255    .text               c_w.l(strtok.o)
    0x00001d1c   0x00000064   Code   RO          258    .text               c_w.l(rt_memcpy_w.o)
    0x00001d80   0x00000080   Code   RO          260    .text               c_w.l(strcmpv7m.o)
    0x00001e00   0x00000006   Code   RO          262    .text               c_w.l(heapauxi.o)
    0x00001e06   0x00000016   Code   RO          373    .text               c_w.l(_rserrno.o)
    0x00001e1c   0x00000420   Code   RO          375    .text               c_w.l(_printf_fp_dec.o)
    0x0000223c   0x00000030   Code   RO          377    .text               c_w.l(_printf_char_common.o)
    0x0000226c   0x0000000a   Code   RO          379    .text               c_w.l(_sputc.o)
    0x00002276   0x00000002   PAD
    0x00002278   0x00000044   Code   RO          382    .text               c_w.l(strtok_int.o)
    0x000022bc   0x00000008   Code   RO          422    .text               c_w.l(rt_locale_intlibspace.o)
    0x000022c4   0x00000008   Code   RO          427    .text               c_w.l(rt_errno_addr_intlibspace.o)
    0x000022cc   0x0000008a   Code   RO          429    .text               c_w.l(lludiv10.o)
    0x00002356   0x00000002   PAD
    0x00002358   0x00000080   Code   RO          431    .text               c_w.l(_printf_fp_infnan.o)
    0x000023d8   0x000000e4   Code   RO          435    .text               c_w.l(bigflt0.o)
    0x000024bc   0x00000020   Code   RO          463    .text               c_w.l(strcspn.o)
    0x000024dc   0x0000001c   Code   RO          465    .text               c_w.l(strspn.o)
    0x000024f8   0x00000008   Code   RO          469    .text               c_w.l(libspace.o)
    0x00002500   0x0000004a   Code   RO          472    .text               c_w.l(sys_stackheap_outer.o)
    0x0000254a   0x0000000c   Code   RO          474    .text               c_w.l(exit.o)
    0x00002556   0x00000002   PAD
    0x00002558   0x0000000c   Code   RO          544    .text               c_w.l(sys_exit.o)
    0x00002564   0x00000002   Code   RO          555    .text               c_w.l(use_no_semi.o)
    0x00002566   0x00000000   Code   RO          557    .text               c_w.l(indicate_semi.o)
    0x00002566   0x0000003e   Code   RO          438    CL$$btod_d2e        c_w.l(btod.o)
    0x000025a4   0x00000046   Code   RO          440    CL$$btod_d2e_denorm_low  c_w.l(btod.o)
    0x000025ea   0x00000060   Code   RO          439    CL$$btod_d2e_norm_op1  c_w.l(btod.o)
    0x0000264a   0x00000338   Code   RO          448    CL$$btod_div_common  c_w.l(btod.o)
    0x00002982   0x000000c6   Code   RO          445    CL$$btod_e2e        c_w.l(btod.o)
    0x00002a48   0x00000028   Code   RO          442    CL$$btod_ediv       c_w.l(btod.o)
    0x00002a70   0x00000028   Code   RO          441    CL$$btod_emul       c_w.l(btod.o)
    0x00002a98   0x00000244   Code   RO          447    CL$$btod_mult_common  c_w.l(btod.o)
    0x00002cdc   0x00000030   Code   RO          467    i.__ARM_fpclassify  m_wm.l(fpclassify.o)
    0x00002d0c   0x00000026   Code   RO          397    i.__ARM_fpclassifyf  m_wm.l(fpclassifyf.o)
    0x00002d32   0x00000002   PAD
    0x00002d34   0x00000164   Code   RO          304    i.__hardfp_atanf    m_wm.l(atanf.o)
    0x00002e98   0x0000015c   Code   RO          316    i.__hardfp_cosf     m_wm.l(cosf.o)
    0x00002ff4   0x00000014   Code   RO          328    i.__hardfp_fabs     m_wm.l(fabs.o)
    0x00003008   0x00000634   Code   RO          334    i.__hardfp_powf     m_wm.l(powf.o)
    0x0000363c   0x00000178   Code   RO          348    i.__hardfp_sinf     m_wm.l(sinf.o)
    0x000037b4   0x0000003a   Code   RO          360    i.__hardfp_sqrtf    m_wm.l(sqrtf.o)
    0x000037ee   0x00000002   PAD
    0x000037f0   0x00000010   Code   RO          399    i.__mathlib_flt_underflow  m_wm.l(funder.o)
    0x00003800   0x00000140   Code   RO          401    i.__mathlib_rredf2  m_wm.l(rredf.o)
    0x00003940   0x0000002c   Code   RO          461    locale$$code        c_w.l(lc_numeric_c.o)
    0x0000396c   0x00000018   Code   RO          266    x$fpl$basic         fz_wm.l(basic.o)
    0x00003984   0x00000062   Code   RO          268    x$fpl$d2f           fz_wm.l(d2f.o)
    0x000039e6   0x00000002   PAD
    0x000039e8   0x00000150   Code   RO          270    x$fpl$dadd          fz_wm.l(daddsub_clz.o)
    0x00003b38   0x00000018   Code   RO          384    x$fpl$dcmpinf       fz_wm.l(dcmpi.o)
    0x00003b50   0x000002b0   Code   RO          277    x$fpl$ddiv          fz_wm.l(ddiv.o)
    0x00003e00   0x0000005e   Code   RO          280    x$fpl$dfix          fz_wm.l(dfix.o)
    0x00003e5e   0x00000002   PAD
    0x00003e60   0x0000005a   Code   RO          284    x$fpl$dfixu         fz_wm.l(dfixu.o)
    0x00003eba   0x0000002e   Code   RO          289    x$fpl$dflt          fz_wm.l(dflt_clz.o)
    0x00003ee8   0x00000026   Code   RO          288    x$fpl$dfltu         fz_wm.l(dflt_clz.o)
    0x00003f0e   0x00000002   PAD
    0x00003f10   0x00000078   Code   RO          294    x$fpl$dleqf         fz_wm.l(dleqf.o)
    0x00003f88   0x00000154   Code   RO          296    x$fpl$dmul          fz_wm.l(dmul.o)
    0x000040dc   0x0000009c   Code   RO          386    x$fpl$dnaninf       fz_wm.l(dnaninf.o)
    0x00004178   0x0000000c   Code   RO          388    x$fpl$dretinf       fz_wm.l(dretinf.o)
    0x00004184   0x0000006c   Code   RO          298    x$fpl$drleqf        fz_wm.l(drleqf.o)
    0x000041f0   0x00000016   Code   RO          271    x$fpl$drsb          fz_wm.l(daddsub_clz.o)
    0x00004206   0x00000002   PAD
    0x00004208   0x000001d4   Code   RO          272    x$fpl$dsub          fz_wm.l(daddsub_clz.o)
    0x000043dc   0x00000056   Code   RO          300    x$fpl$f2d           fz_wm.l(f2d.o)
    0x00004432   0x0000008c   Code   RO          390    x$fpl$fnaninf       fz_wm.l(fnaninf.o)
    0x000044be   0x0000000a   Code   RO          529    x$fpl$fpinit        fz_wm.l(fpinit.o)
    0x000044c8   0x0000000a   Code   RO          392    x$fpl$fretinf       fz_wm.l(fretinf.o)
    0x000044d2   0x00000004   Code   RO          302    x$fpl$printf1       fz_wm.l(printf1.o)
    0x000044d6   0x00000000   Code   RO          396    x$fpl$usenofp       fz_wm.l(usenofp.o)
    0x000044d6   0x00000002   PAD
    0x000044d8   0x000001e0   Data   RO           29    .constdata          gps_prog.o
    0x000046b8   0x00000140   Data   RO          337    .constdata          m_wm.l(powf.o)
    0x000047f8   0x00000020   Data   RO          402    .constdata          m_wm.l(rredf.o)
    0x00004818   0x00000094   Data   RO          436    .constdata          c_w.l(bigflt0.o)
    0x000048ac   0x00000064   Data   RO           30    .conststring        gps_prog.o
    0x00004910   0x00000020   Data   RO          603    Region$$Table       anon$$obj.o
    0x00004930   0x0000001c   Data   RO          460    locale$$data        c_w.l(lc_numeric_c.o)


    Execution Region ER_RW (Base: 0x20000000, Size: 0x00000004, Max: 0xffffffff, ABSOLUTE)

    Base Addr    Size         Type   Attr      Idx    E Section Name        Object

    0x20000000   0x00000004   Data   RW          256    .data               c_w.l(strtok.o)


    Execution Region ER_ZI (Base: 0x20000004, Size: 0x00000284, Max: 0xffffffff, ABSOLUTE)

    Base Addr    Size         Type   Attr      Idx    E Section Name        Object

    0x20000004   0x00000020   Zero   RW           28    .bss                gps_prog.o
    0x20000024   0x00000060   Zero   RW          470    .bss                c_w.l(libspace.o)
    0x20000084   0x00000004   PAD
    0x20000088   0x00000000   Zero   RW          121    HEAP                startup_tm4c123.o
    0x20000088   0x00000200   Zero   RW          120    STACK               startup_tm4c123.o


==============================================================================

Image component sizes


      Code (inc. data)   RO Data    RW Data    ZI Data      Debug   Object Name

       102          0          0          0          0       1078   buzzer_copy.o
      1148         78          0          0          0       7006   gpio_program.o
      2864        164        580          0         32       7825   gps_prog.o
       576         16          0          0          0       2869   lcd_prog.c.o
       400         12          0          0          0       2683   main.o
       292         24        620          0        512       5420   startup_tm4c123.o
       204          0          0          0          0       1363   systick_program.o
       904         42          0          0          0       3350   uart_program.o

    ----------------------------------------------------------------------
      6492        336       1232          0        544      31594   Object Totals
         0          0         32          0          0          0   (incl. Generated)
         2          0          0          0          0          0   (incl. Padding)

    ----------------------------------------------------------------------

      Code (inc. data)   RO Data    RW Data    ZI Data      Debug   Library Member Name

         8          0          0          0          0         68   __main.o
       104          0          0          0          0         84   __printf.o
        52          8          0          0          0          0   __scatter.o
        26          0          0          0          0          0   __scatter_copy.o
        28          0          0          0          0          0   __scatter_zi.o
        48          6          0          0          0         96   _printf_char_common.o
         6          0          0          0          0          0   _printf_f.o
      1056          0          0          0          0        216   _printf_fp_dec.o
       128         16          0          0          0         84   _printf_fp_infnan.o
         0          0          0          0          0          0   _printf_percent.o
         4          0          0          0          0          0   _printf_percent_end.o
        22          0          0          0          0        100   _rserrno.o
        10          0          0          0          0         68   _sputc.o
       228          6        148          0          0         96   bigflt0.o
      1910        128          0          0          0        672   btod.o
        12          0          0          0          0         72   exit.o
         6          0          0          0          0        152   heapauxi.o
         0          0          0          0          0          0   indicate_semi.o
        44         10         28          0          0         76   lc_numeric_c.o
         2          0          0          0          0          0   libinit.o
        22          0          0          0          0          0   libinit2.o
         2          0          0          0          0          0   libshutdown.o
         2          0          0          0          0          0   libshutdown2.o
         8          4          0          0         96         68   libspace.o
       138          0          0          0          0         80   lludiv10.o
        40          6          0          0          0         84   noretval__2sprintf.o
         8          4          0          0          0         68   rt_errno_addr_intlibspace.o
         8          4          0          0          0         68   rt_locale_intlibspace.o
       100          0          0          0          0         80   rt_memcpy_w.o
         0          0          0          0          0          0   rtentry.o
        12          0          0          0          0          0   rtentry2.o
         6          0          0          0          0          0   rtentry4.o
         2          0          0          0          0          0   rtexit.o
        10          0          0          0          0          0   rtexit2.o
       128          0          0          0          0         68   strcmpv7m.o
        32          0          0          0          0         80   strcspn.o
        28          0          0          0          0         80   strspn.o
        12          6          0          4          0         68   strtok.o
        68          4          0          0          0         84   strtok_int.o
        12          4          0          0          0         68   sys_exit.o
        74          0          0          0          0         80   sys_stackheap_outer.o
         2          0          0          0          0         68   use_no_semi.o
        24          0          0          0          0        164   basic.o
        98          4          0          0          0        140   d2f.o
       826         16          0          0          0        492   daddsub_clz.o
        24          0          0          0          0        116   dcmpi.o
       688        140          0          0          0        256   ddiv.o
        94          4          0          0          0        140   dfix.o
        90          4          0          0          0        140   dfixu.o
        84          0          0          0          0        232   dflt_clz.o
       120          4          0          0          0        140   dleqf.o
       340         12          0          0          0        152   dmul.o
       156          4          0          0          0        140   dnaninf.o
        12          0          0          0          0        116   dretinf.o
       108          0          0          0          0        128   drleqf.o
        86          4          0          0          0        132   f2d.o
       140          4          0          0          0        132   fnaninf.o
        10          0          0          0          0        116   fpinit.o
        10          0          0          0          0        116   fretinf.o
         4          0          0          0          0        116   printf1.o
         0          0          0          0          0          0   usenofp.o
       356         66          0          0          0        164   atanf.o
       348         66          0          0          0        124   cosf.o
        20          0          0          0          0        124   fabs.o
        48          0          0          0          0        124   fpclassify.o
        38          0          0          0          0        116   fpclassifyf.o
        16          6          0          0          0        116   funder.o
      1588        140        320          0          0        344   powf.o
       320         24         32          0          0        160   rredf.o
       376         62          0          0          0        156   sinf.o
        58          0          0          0          0        136   sqrtf.o

    ----------------------------------------------------------------------
     10512        766        528          4        100       7360   Library Totals
        22          0          0          0          4          0   (incl. Padding)

    ----------------------------------------------------------------------

      Code (inc. data)   RO Data    RW Data    ZI Data      Debug   Library Name

      4408        206        176          4         96       2828   c_w.l
      2914        196          0          0          0       2968   fz_wm.l
      3168        364        352          0          0       1564   m_wm.l

    ----------------------------------------------------------------------
     10512        766        528          4        100       7360   Library Totals

    ----------------------------------------------------------------------

==============================================================================


      Code (inc. data)   RO Data    RW Data    ZI Data      Debug   

     17004       1102       1760          4        644      33590   Grand Totals
     17004       1102       1760          4        644      33590   ELF Image Totals
     17004       1102       1760          4          0          0   ROM Totals

==============================================================================

    Total RO  Size (Code + RO Data)                18764 (  18.32kB)
    Total RW  Size (RW Data + ZI Data)               648 (   0.63kB)
    Total ROM Size (Code + RO Data + RW Data)      18768 (  18.33kB)

==============================================================================

